../Drivers/STM32H7xx_HAL_Driver/Src/stm32h7xx_hal_tim_ex.c:2898:13:TIM_CCxNChannelCmd	8	static
../Drivers/STM32H7xx_HAL_Driver/Src/stm32h7xx_hal_tim_ex.c:2853:13:TIM_DMAErrorCCxN	8	static
../Drivers/STM32H7xx_HAL_Driver/Src/stm32h7xx_hal_tim_ex.c:2803:13:TIM_DMADelayPulseNCplt	8	static
../Drivers/STM32H7xx_HAL_Driver/Src/stm32h7xx_hal_tim_ex.c:299:13:HAL_TIMEx_HallSensor_MspInit	0	static
../Drivers/STM32H7xx_HAL_Driver/Src/stm32h7xx_hal_tim_ex.c:152:19:HAL_TIMEx_HallSensor_Init	48	static
../Drivers/STM32H7xx_HAL_Driver/Src/stm32h7xx_hal_tim_ex.c:314:13:HAL_TIMEx_HallSensor_MspDeInit	0	static
../Drivers/STM32H7xx_HAL_Driver/Src/stm32h7xx_hal_tim_ex.c:254:19:HAL_TIMEx_HallSensor_DeInit	8	static
../Drivers/STM32H7xx_HAL_Driver/Src/stm32h7xx_hal_tim_ex.c:329:19:HAL_TIMEx_HallSensor_Start	16	static
../Drivers/STM32H7xx_HAL_Driver/Src/stm32h7xx_hal_tim_ex.c:383:19:HAL_TIMEx_HallSensor_Stop	8	static
../Drivers/STM32H7xx_HAL_Driver/Src/stm32h7xx_hal_tim_ex.c:411:19:HAL_TIMEx_HallSensor_Start_IT	16	static
../Drivers/STM32H7xx_HAL_Driver/Src/stm32h7xx_hal_tim_ex.c:468:19:HAL_TIMEx_HallSensor_Stop_IT	8	static
../Drivers/STM32H7xx_HAL_Driver/Src/stm32h7xx_hal_tim_ex.c:501:19:HAL_TIMEx_HallSensor_Start_DMA	24	static
../Drivers/STM32H7xx_HAL_Driver/Src/stm32h7xx_hal_tim_ex.c:577:19:HAL_TIMEx_HallSensor_Stop_DMA	8	static
../Drivers/STM32H7xx_HAL_Driver/Src/stm32h7xx_hal_tim_ex.c:639:19:HAL_TIMEx_OCN_Start	8	static
../Drivers/STM32H7xx_HAL_Driver/Src/stm32h7xx_hal_tim_ex.c:690:19:HAL_TIMEx_OCN_Stop	16	static
../Drivers/STM32H7xx_HAL_Driver/Src/stm32h7xx_hal_tim_ex.c:722:19:HAL_TIMEx_OCN_Start_IT	8	static
../Drivers/STM32H7xx_HAL_Driver/Src/stm32h7xx_hal_tim_ex.c:809:19:HAL_TIMEx_OCN_Stop_IT	16	static
../Drivers/STM32H7xx_HAL_Driver/Src/stm32h7xx_hal_tim_ex.c:884:19:HAL_TIMEx_OCN_Start_DMA	16	static
../Drivers/STM32H7xx_HAL_Driver/Src/stm32h7xx_hal_tim_ex.c:1022:19:HAL_TIMEx_OCN_Stop_DMA	16	static
../Drivers/STM32H7xx_HAL_Driver/Src/stm32h7xx_hal_tim_ex.c:1112:19:HAL_TIMEx_PWMN_Start	0	static
../Drivers/STM32H7xx_HAL_Driver/Src/stm32h7xx_hal_tim_ex.c:1162:19:HAL_TIMEx_PWMN_Stop	0	static
../Drivers/STM32H7xx_HAL_Driver/Src/stm32h7xx_hal_tim_ex.c:1194:19:HAL_TIMEx_PWMN_Start_IT	0	static
../Drivers/STM32H7xx_HAL_Driver/Src/stm32h7xx_hal_tim_ex.c:1280:19:HAL_TIMEx_PWMN_Stop_IT	0	static
../Drivers/STM32H7xx_HAL_Driver/Src/stm32h7xx_hal_tim_ex.c:1355:19:HAL_TIMEx_PWMN_Start_DMA	0	static
../Drivers/STM32H7xx_HAL_Driver/Src/stm32h7xx_hal_tim_ex.c:1493:19:HAL_TIMEx_PWMN_Stop_DMA	0	static
../Drivers/STM32H7xx_HAL_Driver/Src/stm32h7xx_hal_tim_ex.c:1584:19:HAL_TIMEx_OnePulseN_Start	24	static
../Drivers/STM32H7xx_HAL_Driver/Src/stm32h7xx_hal_tim_ex.c:1633:19:HAL_TIMEx_OnePulseN_Stop	16	static
../Drivers/STM32H7xx_HAL_Driver/Src/stm32h7xx_hal_tim_ex.c:1672:19:HAL_TIMEx_OnePulseN_Start_IT	24	static
../Drivers/STM32H7xx_HAL_Driver/Src/stm32h7xx_hal_tim_ex.c:1727:19:HAL_TIMEx_OnePulseN_Stop_IT	16	static
../Drivers/STM32H7xx_HAL_Driver/Src/stm32h7xx_hal_tim_ex.c:1813:19:HAL_TIMEx_ConfigCommutEvent	8	static
../Drivers/STM32H7xx_HAL_Driver/Src/stm32h7xx_hal_tim_ex.c:1875:19:HAL_TIMEx_ConfigCommutEvent_IT	8	static
../Drivers/STM32H7xx_HAL_Driver/Src/stm32h7xx_hal_tim_ex.c:1938:19:HAL_TIMEx_ConfigCommutEvent_DMA	8	static
../Drivers/STM32H7xx_HAL_Driver/Src/stm32h7xx_hal_tim_ex.c:1988:19:HAL_TIMEx_MasterConfigSynchronization	16	static
../Drivers/STM32H7xx_HAL_Driver/Src/stm32h7xx_hal_tim_ex.c:2061:19:HAL_TIMEx_ConfigBreakDeadTime	8	static
../Drivers/STM32H7xx_HAL_Driver/Src/stm32h7xx_hal_tim_ex.c:2138:19:HAL_TIMEx_ConfigBreakInput	20	static
../Drivers/STM32H7xx_HAL_Driver/Src/stm32h7xx_hal_tim_ex.c:2321:19:HAL_TIMEx_RemapConfig	0	static
../Drivers/STM32H7xx_HAL_Driver/Src/stm32h7xx_hal_tim_ex.c:2415:20:HAL_TIMEx_TISelection	0	static
../Drivers/STM32H7xx_HAL_Driver/Src/stm32h7xx_hal_tim_ex.c:2460:19:HAL_TIMEx_GroupChannel5	0	static
../Drivers/STM32H7xx_HAL_Driver/Src/stm32h7xx_hal_tim_ex.c:2643:13:HAL_TIMEx_CommutCallback	0	static
../Drivers/STM32H7xx_HAL_Driver/Src/stm32h7xx_hal_tim_ex.c:2764:6:TIMEx_DMACommutationCplt	8	static
../Drivers/STM32H7xx_HAL_Driver/Src/stm32h7xx_hal_tim_ex.c:2657:13:HAL_TIMEx_CommutHalfCpltCallback	0	static
../Drivers/STM32H7xx_HAL_Driver/Src/stm32h7xx_hal_tim_ex.c:2783:6:TIMEx_DMACommutationHalfCplt	8	static
../Drivers/STM32H7xx_HAL_Driver/Src/stm32h7xx_hal_tim_ex.c:2672:13:HAL_TIMEx_BreakCallback	0	static
../Drivers/STM32H7xx_HAL_Driver/Src/stm32h7xx_hal_tim_ex.c:2687:13:HAL_TIMEx_Break2Callback	0	static
../Drivers/STM32H7xx_HAL_Driver/Src/stm32h7xx_hal_tim_ex.c:2720:22:HAL_TIMEx_HallSensor_GetState	0	static
../Drivers/STM32H7xx_HAL_Driver/Src/stm32h7xx_hal_tim_ex.c:2735:29:HAL_TIMEx_GetChannelNState	0	static
