../Drivers/STM32H7xx_HAL_Driver/Src/stm32h7xx_hal_mdma.c:1760:13:MDMA_SetConfig	12	static
../Drivers/STM32H7xx_HAL_Driver/Src/stm32h7xx_hal_mdma.c:218:19:HAL_MDMA_Init	16	static
../Drivers/STM32H7xx_HAL_Driver/Src/stm32h7xx_hal_mdma.c:294:19:HAL_MDMA_DeInit	0	static
../Drivers/STM32H7xx_HAL_Driver/Src/stm32h7xx_hal_mdma.c:347:19:HAL_MDMA_ConfigPostRequestMask	12	static
../Drivers/STM32H7xx_HAL_Driver/Src/stm32h7xx_hal_mdma.c:409:19:HAL_MDMA_RegisterCallback	0	static
../Drivers/STM32H7xx_HAL_Driver/Src/stm32h7xx_hal_mdma.c:474:19:HAL_MDMA_UnRegisterCallback	8	static
../Drivers/STM32H7xx_HAL_Driver/Src/stm32h7xx_hal_mdma.c:568:19:HAL_MDMA_LinkedList_CreateNode	8	static
../Drivers/STM32H7xx_HAL_Driver/Src/stm32h7xx_hal_mdma.c:711:19:HAL_MDMA_LinkedList_AddNode	20	static
../Drivers/STM32H7xx_HAL_Driver/Src/stm32h7xx_hal_mdma.c:844:19:HAL_MDMA_LinkedList_RemoveNode	16	static
../Drivers/STM32H7xx_HAL_Driver/Src/stm32h7xx_hal_mdma.c:957:19:HAL_MDMA_LinkedList_EnableCircularMode	8	static
../Drivers/STM32H7xx_HAL_Driver/Src/stm32h7xx_hal_mdma.c:1001:19:HAL_MDMA_LinkedList_DisableCircularMode	0	static
../Drivers/STM32H7xx_HAL_Driver/Src/stm32h7xx_hal_mdma.c:1072:19:HAL_MDMA_Start	24	static
../Drivers/STM32H7xx_HAL_Driver/Src/stm32h7xx_hal_mdma.c:1132:19:HAL_MDMA_Start_IT	24	static
../Drivers/STM32H7xx_HAL_Driver/Src/stm32h7xx_hal_mdma.c:1215:19:HAL_MDMA_Abort	16	static
../Drivers/STM32H7xx_HAL_Driver/Src/stm32h7xx_hal_mdma.c:1280:19:HAL_MDMA_Abort_IT	0	static
../Drivers/STM32H7xx_HAL_Driver/Src/stm32h7xx_hal_mdma.c:1315:19:HAL_MDMA_PollForTransfer	24	static
../Drivers/STM32H7xx_HAL_Driver/Src/stm32h7xx_hal_mdma.c:1462:19:HAL_MDMA_GenerateSWRequest	8	static
../Drivers/STM32H7xx_HAL_Driver/Src/stm32h7xx_hal_mdma.c:1504:6:HAL_MDMA_IRQHandler	24	static
../Drivers/STM32H7xx_HAL_Driver/Src/stm32h7xx_hal_mdma.c:1722:23:HAL_MDMA_GetState	0	static
../Drivers/STM32H7xx_HAL_Driver/Src/stm32h7xx_hal_mdma.c:1733:10:HAL_MDMA_GetError	0	static
