../Drivers/STM32H7xx_HAL_Driver/Src/stm32h7xx_hal_rcc_ex.c:3693:26:RCCEx_PLL2_Config	24	static
../Drivers/STM32H7xx_HAL_Driver/Src/stm32h7xx_hal_rcc_ex.c:3798:26:RCCEx_PLL3_Config	24	static
../Drivers/STM32H7xx_HAL_Driver/Src/stm32h7xx_hal_rcc_ex.c:105:19:HAL_RCCEx_PeriphCLKConfig	32	static
../Drivers/STM32H7xx_HAL_Driver/Src/stm32h7xx_hal_rcc_ex.c:1692:6:HAL_RCCEx_GetPeriphCLKConfig	0	static
../Drivers/STM32H7xx_HAL_Driver/Src/stm32h7xx_hal_rcc_ex.c:2904:10:HAL_RCCEx_GetD1PCLK1Freq	8	static
../Drivers/STM32H7xx_HAL_Driver/Src/stm32h7xx_hal_rcc_ex.c:2921:10:HAL_RCCEx_GetD3PCLK1Freq	8	static
../Drivers/STM32H7xx_HAL_Driver/Src/stm32h7xx_hal_rcc_ex.c:2945:6:HAL_RCCEx_GetPLL2ClockFreq	16	static
../Drivers/STM32H7xx_HAL_Driver/Src/stm32h7xx_hal_rcc_ex.c:3014:6:HAL_RCCEx_GetPLL3ClockFreq	16	static
../Drivers/STM32H7xx_HAL_Driver/Src/stm32h7xx_hal_rcc_ex.c:3082:6:HAL_RCCEx_GetPLL1ClockFreq	16	static
../Drivers/STM32H7xx_HAL_Driver/Src/stm32h7xx_hal_rcc_ex.c:1881:10:HAL_RCCEx_GetPeriphCLKFreq	24	static
../Drivers/STM32H7xx_HAL_Driver/Src/stm32h7xx_hal_rcc_ex.c:3143:10:HAL_RCCEx_GetD1SysClockFreq	8	static
../Drivers/STM32H7xx_HAL_Driver/Src/stm32h7xx_hal_rcc_ex.c:3183:6:HAL_RCCEx_EnableLSECSS	0	static
../Drivers/STM32H7xx_HAL_Driver/Src/stm32h7xx_hal_rcc_ex.c:3193:6:HAL_RCCEx_DisableLSECSS	0	static
../Drivers/STM32H7xx_HAL_Driver/Src/stm32h7xx_hal_rcc_ex.c:3205:6:HAL_RCCEx_EnableLSECSS_IT	0	static
../Drivers/STM32H7xx_HAL_Driver/Src/stm32h7xx_hal_rcc_ex.c:3232:6:HAL_RCCEx_WakeUpStopCLKConfig	0	static
../Drivers/STM32H7xx_HAL_Driver/Src/stm32h7xx_hal_rcc_ex.c:3247:6:HAL_RCCEx_KerWakeUpStopCLKConfig	0	static
../Drivers/STM32H7xx_HAL_Driver/Src/stm32h7xx_hal_rcc_ex.c:3301:6:HAL_RCCEx_WWDGxSysResetConfig	0	static
../Drivers/STM32H7xx_HAL_Driver/Src/stm32h7xx_hal_rcc_ex.c:3382:6:HAL_RCCEx_CRSConfig	8	static
../Drivers/STM32H7xx_HAL_Driver/Src/stm32h7xx_hal_rcc_ex.c:3432:6:HAL_RCCEx_CRSSoftwareSynchronizationGenerate	0	static
../Drivers/STM32H7xx_HAL_Driver/Src/stm32h7xx_hal_rcc_ex.c:3442:6:HAL_RCCEx_CRSGetSynchronizationInfo	0	static
../Drivers/STM32H7xx_HAL_Driver/Src/stm32h7xx_hal_rcc_ex.c:3475:10:HAL_RCCEx_CRSWaitSynchronization	24	static
../Drivers/STM32H7xx_HAL_Driver/Src/stm32h7xx_hal_rcc_ex.c:3624:13:HAL_RCCEx_CRS_SyncOkCallback	0	static
../Drivers/STM32H7xx_HAL_Driver/Src/stm32h7xx_hal_rcc_ex.c:3635:13:HAL_RCCEx_CRS_SyncWarnCallback	0	static
../Drivers/STM32H7xx_HAL_Driver/Src/stm32h7xx_hal_rcc_ex.c:3646:13:HAL_RCCEx_CRS_ExpectedSyncCallback	0	static
../Drivers/STM32H7xx_HAL_Driver/Src/stm32h7xx_hal_rcc_ex.c:3662:13:HAL_RCCEx_CRS_ErrorCallback	0	static
../Drivers/STM32H7xx_HAL_Driver/Src/stm32h7xx_hal_rcc_ex.c:3559:6:HAL_RCCEx_CRS_IRQHandler	8	static
../Drivers/STM32H7xx_HAL_Driver/Src/stm32h7xx_hal_rcc_ex.c:3914:13:HAL_RCCEx_LSECSS_Callback	0	static
../Drivers/STM32H7xx_HAL_Driver/Src/stm32h7xx_hal_rcc_ex.c:3895:6:HAL_RCCEx_LSECSS_IRQHandler	8	static
