../Drivers/STM32H7xx_HAL_Driver/Src/stm32h7xx_hal_pwr_ex.c:317:19:HAL_PWREx_ConfigSupply	16	static
../Drivers/STM32H7xx_HAL_Driver/Src/stm32h7xx_hal_pwr_ex.c:389:10:HAL_PWREx_GetSupplyConfig	0	static
../Drivers/STM32H7xx_HAL_Driver/Src/stm32h7xx_hal_pwr_ex.c:417:19:HAL_PWREx_ControlVoltageScaling	16	static
../Drivers/STM32H7xx_HAL_Driver/Src/stm32h7xx_hal_pwr_ex.c:516:10:HAL_PWREx_GetVoltageRange	0	static
../Drivers/STM32H7xx_HAL_Driver/Src/stm32h7xx_hal_pwr_ex.c:542:19:HAL_PWREx_ControlStopModeVoltageScaling	0	static
../Drivers/STM32H7xx_HAL_Driver/Src/stm32h7xx_hal_pwr_ex.c:557:10:HAL_PWREx_GetStopModeVoltageRange	0	static
../Drivers/STM32H7xx_HAL_Driver/Src/stm32h7xx_hal_pwr_ex.c:820:6:HAL_PWREx_EnterSTOPMode	8	static,ignoring_inline_asm
../Drivers/STM32H7xx_HAL_Driver/Src/stm32h7xx_hal_pwr_ex.c:943:6:HAL_PWREx_ClearPendingEvent	0	static,ignoring_inline_asm
../Drivers/STM32H7xx_HAL_Driver/Src/stm32h7xx_hal_pwr_ex.c:990:6:HAL_PWREx_EnterSTANDBYMode	0	static,ignoring_inline_asm
../Drivers/STM32H7xx_HAL_Driver/Src/stm32h7xx_hal_pwr_ex.c:1085:6:HAL_PWREx_ConfigD3Domain	0	static
../Drivers/STM32H7xx_HAL_Driver/Src/stm32h7xx_hal_pwr_ex.c:1216:6:HAL_PWREx_EnableFlashPowerDown	0	static
../Drivers/STM32H7xx_HAL_Driver/Src/stm32h7xx_hal_pwr_ex.c:1230:6:HAL_PWREx_DisableFlashPowerDown	0	static
../Drivers/STM32H7xx_HAL_Driver/Src/stm32h7xx_hal_pwr_ex.c:1306:6:HAL_PWREx_EnableWakeUpPin	16	static,ignoring_inline_asm
../Drivers/STM32H7xx_HAL_Driver/Src/stm32h7xx_hal_pwr_ex.c:1348:6:HAL_PWREx_DisableWakeUpPin	0	static
../Drivers/STM32H7xx_HAL_Driver/Src/stm32h7xx_hal_pwr_ex.c:1373:10:HAL_PWREx_GetWakeupFlag	0	static
../Drivers/STM32H7xx_HAL_Driver/Src/stm32h7xx_hal_pwr_ex.c:1398:19:HAL_PWREx_ClearWakeupFlag	0	static
../Drivers/STM32H7xx_HAL_Driver/Src/stm32h7xx_hal_pwr_ex.c:1481:13:HAL_PWREx_WKUP1_Callback	0	static
../Drivers/STM32H7xx_HAL_Driver/Src/stm32h7xx_hal_pwr_ex.c:1492:13:HAL_PWREx_WKUP2_Callback	0	static
../Drivers/STM32H7xx_HAL_Driver/Src/stm32h7xx_hal_pwr_ex.c:1504:13:HAL_PWREx_WKUP3_Callback	0	static
../Drivers/STM32H7xx_HAL_Driver/Src/stm32h7xx_hal_pwr_ex.c:1516:13:HAL_PWREx_WKUP4_Callback	0	static
../Drivers/STM32H7xx_HAL_Driver/Src/stm32h7xx_hal_pwr_ex.c:1528:13:HAL_PWREx_WKUP5_Callback	0	static
../Drivers/STM32H7xx_HAL_Driver/Src/stm32h7xx_hal_pwr_ex.c:1540:13:HAL_PWREx_WKUP6_Callback	0	static
../Drivers/STM32H7xx_HAL_Driver/Src/stm32h7xx_hal_pwr_ex.c:1420:6:HAL_PWREx_WAKEUP_PIN_IRQHandler	8	static
../Drivers/STM32H7xx_HAL_Driver/Src/stm32h7xx_hal_pwr_ex.c:1629:19:HAL_PWREx_EnableBkUpReg	16	static
../Drivers/STM32H7xx_HAL_Driver/Src/stm32h7xx_hal_pwr_ex.c:1655:19:HAL_PWREx_DisableBkUpReg	16	static
../Drivers/STM32H7xx_HAL_Driver/Src/stm32h7xx_hal_pwr_ex.c:1681:19:HAL_PWREx_EnableUSBReg	16	static
../Drivers/STM32H7xx_HAL_Driver/Src/stm32h7xx_hal_pwr_ex.c:1707:19:HAL_PWREx_DisableUSBReg	16	static
../Drivers/STM32H7xx_HAL_Driver/Src/stm32h7xx_hal_pwr_ex.c:1733:6:HAL_PWREx_EnableUSBVoltageDetector	0	static
../Drivers/STM32H7xx_HAL_Driver/Src/stm32h7xx_hal_pwr_ex.c:1743:6:HAL_PWREx_DisableUSBVoltageDetector	0	static
../Drivers/STM32H7xx_HAL_Driver/Src/stm32h7xx_hal_pwr_ex.c:1759:6:HAL_PWREx_EnableBatteryCharging	0	static
../Drivers/STM32H7xx_HAL_Driver/Src/stm32h7xx_hal_pwr_ex.c:1775:6:HAL_PWREx_DisableBatteryCharging	0	static
../Drivers/STM32H7xx_HAL_Driver/Src/stm32h7xx_hal_pwr_ex.c:1865:6:HAL_PWREx_EnableMonitoring	0	static
../Drivers/STM32H7xx_HAL_Driver/Src/stm32h7xx_hal_pwr_ex.c:1875:6:HAL_PWREx_DisableMonitoring	0	static
../Drivers/STM32H7xx_HAL_Driver/Src/stm32h7xx_hal_pwr_ex.c:1886:10:HAL_PWREx_GetTemperatureLevel	0	static
../Drivers/STM32H7xx_HAL_Driver/Src/stm32h7xx_hal_pwr_ex.c:1917:10:HAL_PWREx_GetVBATLevel	0	static
../Drivers/STM32H7xx_HAL_Driver/Src/stm32h7xx_hal_pwr_ex.c:1980:6:HAL_PWREx_ConfigAVD	0	static
../Drivers/STM32H7xx_HAL_Driver/Src/stm32h7xx_hal_pwr_ex.c:2029:6:HAL_PWREx_EnableAVD	0	static
../Drivers/STM32H7xx_HAL_Driver/Src/stm32h7xx_hal_pwr_ex.c:2039:6:HAL_PWREx_DisableAVD	0	static
../Drivers/STM32H7xx_HAL_Driver/Src/stm32h7xx_hal_pwr_ex.c:2135:13:HAL_PWREx_AVDCallback	0	static
../Drivers/STM32H7xx_HAL_Driver/Src/stm32h7xx_hal_pwr_ex.c:2050:6:HAL_PWREx_PVD_AVD_IRQHandler	16	static
