../Drivers/STM32H7xx_HAL_Driver/Src/stm32h7xx_hal.c:134:19:HAL_Init	16	static
../Drivers/STM32H7xx_HAL_Driver/Src/stm32h7xx_hal.c:187:19:HAL_DeInit	8	static
../Drivers/STM32H7xx_HAL_Driver/Src/stm32h7xx_hal.c:228:13:HAL_MspInit	4	static
../Drivers/STM32H7xx_HAL_Driver/Src/stm32h7xx_hal.c:239:13:HAL_MspDeInit	4	static
../Drivers/STM32H7xx_HAL_Driver/Src/stm32h7xx_hal.c:262:26:HAL_InitTick	16	static
../Drivers/STM32H7xx_HAL_Driver/Src/stm32h7xx_hal.c:327:13:HAL_IncTick	4	static
../Drivers/STM32H7xx_HAL_Driver/Src/stm32h7xx_hal.c:338:17:HAL_GetTick	4	static
../Drivers/STM32H7xx_HAL_Driver/Src/stm32h7xx_hal.c:347:10:HAL_GetTickPrio	4	static
../Drivers/STM32H7xx_HAL_Driver/Src/stm32h7xx_hal.c:356:19:HAL_SetTickFreq	24	static
../Drivers/STM32H7xx_HAL_Driver/Src/stm32h7xx_hal.c:389:21:HAL_GetTickFreq	4	static
../Drivers/STM32H7xx_HAL_Driver/Src/stm32h7xx_hal.c:405:13:HAL_Delay	24	static
../Drivers/STM32H7xx_HAL_Driver/Src/stm32h7xx_hal.c:431:13:HAL_SuspendTick	4	static
../Drivers/STM32H7xx_HAL_Driver/Src/stm32h7xx_hal.c:447:13:HAL_ResumeTick	4	static
../Drivers/STM32H7xx_HAL_Driver/Src/stm32h7xx_hal.c:457:10:HAL_GetHalVersion	4	static
../Drivers/STM32H7xx_HAL_Driver/Src/stm32h7xx_hal.c:466:10:HAL_GetREVID	4	static
../Drivers/STM32H7xx_HAL_Driver/Src/stm32h7xx_hal.c:475:10:HAL_GetDEVID	4	static
../Drivers/STM32H7xx_HAL_Driver/Src/stm32h7xx_hal.c:484:10:HAL_GetUIDw0	4	static
../Drivers/STM32H7xx_HAL_Driver/Src/stm32h7xx_hal.c:493:10:HAL_GetUIDw1	4	static
../Drivers/STM32H7xx_HAL_Driver/Src/stm32h7xx_hal.c:502:10:HAL_GetUIDw2	4	static
../Drivers/STM32H7xx_HAL_Driver/Src/stm32h7xx_hal.c:521:6:HAL_SYSCFG_VREFBUF_VoltageScalingConfig	16	static
../Drivers/STM32H7xx_HAL_Driver/Src/stm32h7xx_hal.c:537:6:HAL_SYSCFG_VREFBUF_HighImpedanceConfig	16	static
../Drivers/STM32H7xx_HAL_Driver/Src/stm32h7xx_hal.c:549:6:HAL_SYSCFG_VREFBUF_TrimmingConfig	16	static
../Drivers/STM32H7xx_HAL_Driver/Src/stm32h7xx_hal.c:561:19:HAL_SYSCFG_EnableVREFBUF	16	static
../Drivers/STM32H7xx_HAL_Driver/Src/stm32h7xx_hal.c:587:6:HAL_SYSCFG_DisableVREFBUF	4	static
../Drivers/STM32H7xx_HAL_Driver/Src/stm32h7xx_hal.c:601:6:HAL_SYSCFG_ETHInterfaceSelect	16	static
../Drivers/STM32H7xx_HAL_Driver/Src/stm32h7xx_hal.c:631:6:HAL_SYSCFG_AnalogSwitchConfig	16	static
../Drivers/STM32H7xx_HAL_Driver/Src/stm32h7xx_hal.c:649:6:HAL_SYSCFG_EnableBOOST	4	static
../Drivers/STM32H7xx_HAL_Driver/Src/stm32h7xx_hal.c:661:6:HAL_SYSCFG_DisableBOOST	4	static
../Drivers/STM32H7xx_HAL_Driver/Src/stm32h7xx_hal.c:677:6:HAL_SYSCFG_CM7BootAddConfig	16	static
../Drivers/STM32H7xx_HAL_Driver/Src/stm32h7xx_hal.c:776:6:HAL_EnableCompensationCell	4	static
../Drivers/STM32H7xx_HAL_Driver/Src/stm32h7xx_hal.c:787:6:HAL_DisableCompensationCell	4	static
../Drivers/STM32H7xx_HAL_Driver/Src/stm32h7xx_hal.c:800:6:HAL_SYSCFG_EnableIOSpeedOptimize	4	static
../Drivers/STM32H7xx_HAL_Driver/Src/stm32h7xx_hal.c:816:6:HAL_SYSCFG_DisableIOSpeedOptimize	4	static
../Drivers/STM32H7xx_HAL_Driver/Src/stm32h7xx_hal.c:833:6:HAL_SYSCFG_CompensationCodeSelect	16	static
../Drivers/STM32H7xx_HAL_Driver/Src/stm32h7xx_hal.c:850:6:HAL_SYSCFG_CompensationCodeConfig	16	static
../Drivers/STM32H7xx_HAL_Driver/Src/stm32h7xx_hal.c:912:6:HAL_DBGMCU_EnableDBGSleepMode	4	static
../Drivers/STM32H7xx_HAL_Driver/Src/stm32h7xx_hal.c:921:6:HAL_DBGMCU_DisableDBGSleepMode	4	static
../Drivers/STM32H7xx_HAL_Driver/Src/stm32h7xx_hal.c:931:6:HAL_DBGMCU_EnableDBGStopMode	4	static
../Drivers/STM32H7xx_HAL_Driver/Src/stm32h7xx_hal.c:940:6:HAL_DBGMCU_DisableDBGStopMode	4	static
../Drivers/STM32H7xx_HAL_Driver/Src/stm32h7xx_hal.c:949:6:HAL_DBGMCU_EnableDBGStandbyMode	4	static
../Drivers/STM32H7xx_HAL_Driver/Src/stm32h7xx_hal.c:958:6:HAL_DBGMCU_DisableDBGStandbyMode	4	static
../Drivers/STM32H7xx_HAL_Driver/Src/stm32h7xx_hal.c:1065:6:HAL_SetFMCMemorySwappingConfig	16	static
../Drivers/STM32H7xx_HAL_Driver/Src/stm32h7xx_hal.c:1077:10:HAL_GetFMCMemorySwappingConfig	4	static
../Drivers/STM32H7xx_HAL_Driver/Src/stm32h7xx_hal.c:1094:6:HAL_EXTI_EdgeConfig	16	static
../Drivers/STM32H7xx_HAL_Driver/Src/stm32h7xx_hal.c:1120:6:HAL_EXTI_GenerateSWInterrupt	16	static
../Drivers/STM32H7xx_HAL_Driver/Src/stm32h7xx_hal.c:1135:6:HAL_EXTI_D1_ClearFlag	16	static
../Drivers/STM32H7xx_HAL_Driver/Src/stm32h7xx_hal.c:1170:6:HAL_EXTI_D1_EventInputConfig	24	static
../Drivers/STM32H7xx_HAL_Driver/Src/stm32h7xx_hal.c:1264:6:HAL_EXTI_D3_EventInputConfig	32	static
