../Drivers/STM32H7xx_HAL_Driver/Src/stm32h7xx_hal_dma.c:216:19:HAL_DMA_Init	32	static
../Drivers/STM32H7xx_HAL_Driver/Src/stm32h7xx_hal_dma.c:468:19:HAL_DMA_DeInit	24	static
../Drivers/STM32H7xx_HAL_Driver/Src/stm32h7xx_hal_dma.c:625:19:HAL_DMA_Start	32	static
../Drivers/STM32H7xx_HAL_Driver/Src/stm32h7xx_hal_dma.c:681:19:HAL_DMA_Start_IT	32	static
../Drivers/STM32H7xx_HAL_Driver/Src/stm32h7xx_hal_dma.c:781:19:HAL_DMA_Abort	32	static
../Drivers/STM32H7xx_HAL_Driver/Src/stm32h7xx_hal_dma.c:897:19:HAL_DMA_Abort_IT	24	static
../Drivers/STM32H7xx_HAL_Driver/Src/stm32h7xx_hal_dma.c:981:19:HAL_DMA_PollForTransfer	48	static
../Drivers/STM32H7xx_HAL_Driver/Src/stm32h7xx_hal_dma.c:1208:6:HAL_DMA_IRQHandler	48	static
../Drivers/STM32H7xx_HAL_Driver/Src/stm32h7xx_hal_dma.c:1578:19:HAL_DMA_RegisterCallback	32	static
../Drivers/STM32H7xx_HAL_Driver/Src/stm32h7xx_hal_dma.c:1645:19:HAL_DMA_UnRegisterCallback	24	static
../Drivers/STM32H7xx_HAL_Driver/Src/stm32h7xx_hal_dma.c:1736:22:HAL_DMA_GetState	16	static
../Drivers/STM32H7xx_HAL_Driver/Src/stm32h7xx_hal_dma.c:1747:10:HAL_DMA_GetError	16	static
../Drivers/STM32H7xx_HAL_Driver/Src/stm32h7xx_hal_dma.c:1773:13:DMA_SetConfig	32	static
../Drivers/STM32H7xx_HAL_Driver/Src/stm32h7xx_hal_dma.c:1860:17:DMA_CalcBaseAndBitshift	24	static
../Drivers/STM32H7xx_HAL_Driver/Src/stm32h7xx_hal_dma.c:1896:26:DMA_CheckFifoParam	24	static
../Drivers/STM32H7xx_HAL_Driver/Src/stm32h7xx_hal_dma.c:1990:13:DMA_CalcDMAMUXChannelBaseAndMask	24	static
../Drivers/STM32H7xx_HAL_Driver/Src/stm32h7xx_hal_dma.c:2025:13:DMA_CalcDMAMUXRequestGenBaseAndMask	24	static
