../Drivers/STM32H7xx_HAL_Driver/Src/stm32h7xx_hal_i2c.c:535:19:HAL_I2C_Init	16	static
../Drivers/STM32H7xx_HAL_Driver/Src/stm32h7xx_hal_i2c.c:650:19:HAL_I2C_DeInit	16	static
../Drivers/STM32H7xx_HAL_Driver/Src/stm32h7xx_hal_i2c.c:696:13:HAL_I2C_MspInit	16	static
../Drivers/STM32H7xx_HAL_Driver/Src/stm32h7xx_hal_i2c.c:712:13:HAL_I2C_MspDeInit	16	static
../Drivers/STM32H7xx_HAL_Driver/Src/stm32h7xx_hal_i2c.c:1119:19:HAL_I2C_Master_Transmit	40	static
../Drivers/STM32H7xx_HAL_Driver/Src/stm32h7xx_hal_i2c.c:1260:19:HAL_I2C_Master_Receive	40	static
../Drivers/STM32H7xx_HAL_Driver/Src/stm32h7xx_hal_i2c.c:1378:19:HAL_I2C_Slave_Transmit	40	static
../Drivers/STM32H7xx_HAL_Driver/Src/stm32h7xx_hal_i2c.c:1565:19:HAL_I2C_Slave_Receive	40	static
../Drivers/STM32H7xx_HAL_Driver/Src/stm32h7xx_hal_i2c.c:1695:19:HAL_I2C_Master_Transmit_IT	40	static
../Drivers/STM32H7xx_HAL_Driver/Src/stm32h7xx_hal_i2c.c:1785:19:HAL_I2C_Master_Receive_IT	40	static
../Drivers/STM32H7xx_HAL_Driver/Src/stm32h7xx_hal_i2c.c:1854:19:HAL_I2C_Slave_Transmit_IT	24	static
../Drivers/STM32H7xx_HAL_Driver/Src/stm32h7xx_hal_i2c.c:1918:19:HAL_I2C_Slave_Receive_IT	24	static
../Drivers/STM32H7xx_HAL_Driver/Src/stm32h7xx_hal_i2c.c:1970:19:HAL_I2C_Master_Transmit_DMA	48	static
../Drivers/STM32H7xx_HAL_Driver/Src/stm32h7xx_hal_i2c.c:2133:19:HAL_I2C_Master_Receive_DMA	40	static
../Drivers/STM32H7xx_HAL_Driver/Src/stm32h7xx_hal_i2c.c:2278:19:HAL_I2C_Slave_Transmit_DMA	32	static
../Drivers/STM32H7xx_HAL_Driver/Src/stm32h7xx_hal_i2c.c:2414:19:HAL_I2C_Slave_Receive_DMA	32	static
../Drivers/STM32H7xx_HAL_Driver/Src/stm32h7xx_hal_i2c.c:2523:19:HAL_I2C_Mem_Write	40	static
../Drivers/STM32H7xx_HAL_Driver/Src/stm32h7xx_hal_i2c.c:2660:19:HAL_I2C_Mem_Read	40	static
../Drivers/STM32H7xx_HAL_Driver/Src/stm32h7xx_hal_i2c.c:2797:19:HAL_I2C_Mem_Write_IT	32	static
../Drivers/STM32H7xx_HAL_Driver/Src/stm32h7xx_hal_i2c.c:2885:19:HAL_I2C_Mem_Read_IT	32	static
../Drivers/STM32H7xx_HAL_Driver/Src/stm32h7xx_hal_i2c.c:2972:19:HAL_I2C_Mem_Write_DMA	40	static
../Drivers/STM32H7xx_HAL_Driver/Src/stm32h7xx_hal_i2c.c:3118:19:HAL_I2C_Mem_Read_DMA	40	static
../Drivers/STM32H7xx_HAL_Driver/Src/stm32h7xx_hal_i2c.c:3263:19:HAL_I2C_IsDeviceReady	48	static
../Drivers/STM32H7xx_HAL_Driver/Src/stm32h7xx_hal_i2c.c:3418:19:HAL_I2C_Master_Seq_Transmit_IT	48	static
../Drivers/STM32H7xx_HAL_Driver/Src/stm32h7xx_hal_i2c.c:3532:19:HAL_I2C_Master_Seq_Transmit_DMA	48	static
../Drivers/STM32H7xx_HAL_Driver/Src/stm32h7xx_hal_i2c.c:3729:19:HAL_I2C_Master_Seq_Receive_IT	40	static
../Drivers/STM32H7xx_HAL_Driver/Src/stm32h7xx_hal_i2c.c:3816:19:HAL_I2C_Master_Seq_Receive_DMA	48	static
../Drivers/STM32H7xx_HAL_Driver/Src/stm32h7xx_hal_i2c.c:3982:19:HAL_I2C_Slave_Seq_Transmit_IT	32	static
../Drivers/STM32H7xx_HAL_Driver/Src/stm32h7xx_hal_i2c.c:4082:19:HAL_I2C_Slave_Seq_Transmit_DMA	32	static
../Drivers/STM32H7xx_HAL_Driver/Src/stm32h7xx_hal_i2c.c:4266:19:HAL_I2C_Slave_Seq_Receive_IT	32	static
../Drivers/STM32H7xx_HAL_Driver/Src/stm32h7xx_hal_i2c.c:4366:19:HAL_I2C_Slave_Seq_Receive_DMA	32	static
../Drivers/STM32H7xx_HAL_Driver/Src/stm32h7xx_hal_i2c.c:4546:19:HAL_I2C_EnableListen_IT	16	static
../Drivers/STM32H7xx_HAL_Driver/Src/stm32h7xx_hal_i2c.c:4570:19:HAL_I2C_DisableListen_IT	24	static
../Drivers/STM32H7xx_HAL_Driver/Src/stm32h7xx_hal_i2c.c:4603:19:HAL_I2C_Master_Abort_IT	32	static
../Drivers/STM32H7xx_HAL_Driver/Src/stm32h7xx_hal_i2c.c:4667:6:HAL_I2C_EV_IRQHandler	24	static
../Drivers/STM32H7xx_HAL_Driver/Src/stm32h7xx_hal_i2c.c:4686:6:HAL_I2C_ER_IRQHandler	32	static
../Drivers/STM32H7xx_HAL_Driver/Src/stm32h7xx_hal_i2c.c:4738:13:HAL_I2C_MasterTxCpltCallback	16	static
../Drivers/STM32H7xx_HAL_Driver/Src/stm32h7xx_hal_i2c.c:4754:13:HAL_I2C_MasterRxCpltCallback	16	static
../Drivers/STM32H7xx_HAL_Driver/Src/stm32h7xx_hal_i2c.c:4769:13:HAL_I2C_SlaveTxCpltCallback	16	static
../Drivers/STM32H7xx_HAL_Driver/Src/stm32h7xx_hal_i2c.c:4785:13:HAL_I2C_SlaveRxCpltCallback	16	static
../Drivers/STM32H7xx_HAL_Driver/Src/stm32h7xx_hal_i2c.c:4803:13:HAL_I2C_AddrCallback	16	static
../Drivers/STM32H7xx_HAL_Driver/Src/stm32h7xx_hal_i2c.c:4821:13:HAL_I2C_ListenCpltCallback	16	static
../Drivers/STM32H7xx_HAL_Driver/Src/stm32h7xx_hal_i2c.c:4837:13:HAL_I2C_MemTxCpltCallback	16	static
../Drivers/STM32H7xx_HAL_Driver/Src/stm32h7xx_hal_i2c.c:4853:13:HAL_I2C_MemRxCpltCallback	16	static
../Drivers/STM32H7xx_HAL_Driver/Src/stm32h7xx_hal_i2c.c:4869:13:HAL_I2C_ErrorCallback	16	static
../Drivers/STM32H7xx_HAL_Driver/Src/stm32h7xx_hal_i2c.c:4885:13:HAL_I2C_AbortCpltCallback	16	static
../Drivers/STM32H7xx_HAL_Driver/Src/stm32h7xx_hal_i2c.c:4920:22:HAL_I2C_GetState	16	static
../Drivers/STM32H7xx_HAL_Driver/Src/stm32h7xx_hal_i2c.c:4932:21:HAL_I2C_GetMode	16	static
../Drivers/STM32H7xx_HAL_Driver/Src/stm32h7xx_hal_i2c.c:4943:10:HAL_I2C_GetError	16	static
../Drivers/STM32H7xx_HAL_Driver/Src/stm32h7xx_hal_i2c.c:4968:26:I2C_Master_ISR_IT	40	static
../Drivers/STM32H7xx_HAL_Driver/Src/stm32h7xx_hal_i2c.c:5119:26:I2C_Mem_ISR_IT	40	static
../Drivers/STM32H7xx_HAL_Driver/Src/stm32h7xx_hal_i2c.c:5262:26:I2C_Slave_ISR_IT	32	static
../Drivers/STM32H7xx_HAL_Driver/Src/stm32h7xx_hal_i2c.c:5402:26:I2C_Master_ISR_DMA	40	static
../Drivers/STM32H7xx_HAL_Driver/Src/stm32h7xx_hal_i2c.c:5542:26:I2C_Mem_ISR_DMA	40	static
../Drivers/STM32H7xx_HAL_Driver/Src/stm32h7xx_hal_i2c.c:5690:26:I2C_Slave_ISR_DMA	40	static
../Drivers/STM32H7xx_HAL_Driver/Src/stm32h7xx_hal_i2c.c:5834:26:I2C_RequestMemoryWrite	32	static
../Drivers/STM32H7xx_HAL_Driver/Src/stm32h7xx_hal_i2c.c:5889:26:I2C_RequestMemoryRead	32	static
../Drivers/STM32H7xx_HAL_Driver/Src/stm32h7xx_hal_i2c.c:5938:13:I2C_ITAddrCplt	24	static
../Drivers/STM32H7xx_HAL_Driver/Src/stm32h7xx_hal_i2c.c:6033:13:I2C_ITMasterSeqCplt	16	static
../Drivers/STM32H7xx_HAL_Driver/Src/stm32h7xx_hal_i2c.c:6086:13:I2C_ITSlaveSeqCplt	24	static
../Drivers/STM32H7xx_HAL_Driver/Src/stm32h7xx_hal_i2c.c:6160:13:I2C_ITMasterCplt	32	static
../Drivers/STM32H7xx_HAL_Driver/Src/stm32h7xx_hal_i2c.c:6303:13:I2C_ITSlaveCplt	32	static
../Drivers/STM32H7xx_HAL_Driver/Src/stm32h7xx_hal_i2c.c:6519:13:I2C_ITListenCplt	16	static
../Drivers/STM32H7xx_HAL_Driver/Src/stm32h7xx_hal_i2c.c:6570:13:I2C_ITError	24	static
../Drivers/STM32H7xx_HAL_Driver/Src/stm32h7xx_hal_i2c.c:6701:13:I2C_TreatErrorCallback	16	static
../Drivers/STM32H7xx_HAL_Driver/Src/stm32h7xx_hal_i2c.c:6739:13:I2C_Flush_TXDR	16	static
../Drivers/STM32H7xx_HAL_Driver/Src/stm32h7xx_hal_i2c.c:6760:13:I2C_DMAMasterTransmitCplt	24	static
../Drivers/STM32H7xx_HAL_Driver/Src/stm32h7xx_hal_i2c.c:6811:13:I2C_DMASlaveTransmitCplt	24	static
../Drivers/STM32H7xx_HAL_Driver/Src/stm32h7xx_hal_i2c.c:6840:13:I2C_DMAMasterReceiveCplt	24	static
../Drivers/STM32H7xx_HAL_Driver/Src/stm32h7xx_hal_i2c.c:6891:13:I2C_DMASlaveReceiveCplt	24	static
../Drivers/STM32H7xx_HAL_Driver/Src/stm32h7xx_hal_i2c.c:6920:13:I2C_DMAError	24	static
../Drivers/STM32H7xx_HAL_Driver/Src/stm32h7xx_hal_i2c.c:6960:13:I2C_DMAAbort	24	static
../Drivers/STM32H7xx_HAL_Driver/Src/stm32h7xx_hal_i2c.c:6990:26:I2C_WaitOnFlagUntilTimeout	24	static
../Drivers/STM32H7xx_HAL_Driver/Src/stm32h7xx_hal_i2c.c:7030:26:I2C_WaitOnTXISFlagUntilTimeout	24	static
../Drivers/STM32H7xx_HAL_Driver/Src/stm32h7xx_hal_i2c.c:7071:26:I2C_WaitOnSTOPFlagUntilTimeout	24	static
../Drivers/STM32H7xx_HAL_Driver/Src/stm32h7xx_hal_i2c.c:7109:26:I2C_WaitOnRXNEFlagUntilTimeout	32	static
../Drivers/STM32H7xx_HAL_Driver/Src/stm32h7xx_hal_i2c.c:7186:26:I2C_IsErrorOccurred	48	static
../Drivers/STM32H7xx_HAL_Driver/Src/stm32h7xx_hal_i2c.c:7327:13:I2C_TransferConfig	32	static
../Drivers/STM32H7xx_HAL_Driver/Src/stm32h7xx_hal_i2c.c:7356:13:I2C_Enable_IRQ	24	static
../Drivers/STM32H7xx_HAL_Driver/Src/stm32h7xx_hal_i2c.c:7447:13:I2C_Disable_IRQ	24	static
../Drivers/STM32H7xx_HAL_Driver/Src/stm32h7xx_hal_i2c.c:7510:13:I2C_ConvertOtherXferOptions	16	static
