Archive member included to satisfy reference by file (symbol)

/home/thchzh/st/stm32cubeide_2.0.0/plugins/com.st.stm32cube.ide.mcu.externaltools.gnu-tools-for-stm32.13.3.rel1.linux64_1.0.100.202509120712/tools/bin/../lib/gcc/arm-none-eabi/13.3.1/../../../../arm-none-eabi/lib/thumb/v7e-m+dp/hard/libc_nano.a(libc_a-exit.o)
                              /home/thchzh/st/stm32cubeide_2.0.0/plugins/com.st.stm32cube.ide.mcu.externaltools.gnu-tools-for-stm32.13.3.rel1.linux64_1.0.100.202509120712/tools/bin/../lib/gcc/arm-none-eabi/13.3.1/../../../../arm-none-eabi/lib/thumb/v7e-m+dp/hard/crt0.o (exit)
/home/thchzh/st/stm32cubeide_2.0.0/plugins/com.st.stm32cube.ide.mcu.externaltools.gnu-tools-for-stm32.13.3.rel1.linux64_1.0.100.202509120712/tools/bin/../lib/gcc/arm-none-eabi/13.3.1/../../../../arm-none-eabi/lib/thumb/v7e-m+dp/hard/libc_nano.a(libc_a-findfp.o)
                              /home/thchzh/st/stm32cubeide_2.0.0/plugins/com.st.stm32cube.ide.mcu.externaltools.gnu-tools-for-stm32.13.3.rel1.linux64_1.0.100.202509120712/tools/bin/../lib/gcc/arm-none-eabi/13.3.1/../../../../arm-none-eabi/lib/thumb/v7e-m+dp/hard/libc_nano.a(libc_a-exit.o) (__stdio_exit_handler)
/home/thchzh/st/stm32cubeide_2.0.0/plugins/com.st.stm32cube.ide.mcu.externaltools.gnu-tools-for-stm32.13.3.rel1.linux64_1.0.100.202509120712/tools/bin/../lib/gcc/arm-none-eabi/13.3.1/../../../../arm-none-eabi/lib/thumb/v7e-m+dp/hard/libc_nano.a(libc_a-fwalk.o)
                              /home/thchzh/st/stm32cubeide_2.0.0/plugins/com.st.stm32cube.ide.mcu.externaltools.gnu-tools-for-stm32.13.3.rel1.linux64_1.0.100.202509120712/tools/bin/../lib/gcc/arm-none-eabi/13.3.1/../../../../arm-none-eabi/lib/thumb/v7e-m+dp/hard/libc_nano.a(libc_a-findfp.o) (_fwalk_sglue)
/home/thchzh/st/stm32cubeide_2.0.0/plugins/com.st.stm32cube.ide.mcu.externaltools.gnu-tools-for-stm32.13.3.rel1.linux64_1.0.100.202509120712/tools/bin/../lib/gcc/arm-none-eabi/13.3.1/../../../../arm-none-eabi/lib/thumb/v7e-m+dp/hard/libc_nano.a(libc_a-stdio.o)
                              /home/thchzh/st/stm32cubeide_2.0.0/plugins/com.st.stm32cube.ide.mcu.externaltools.gnu-tools-for-stm32.13.3.rel1.linux64_1.0.100.202509120712/tools/bin/../lib/gcc/arm-none-eabi/13.3.1/../../../../arm-none-eabi/lib/thumb/v7e-m+dp/hard/libc_nano.a(libc_a-findfp.o) (__sread)
/home/thchzh/st/stm32cubeide_2.0.0/plugins/com.st.stm32cube.ide.mcu.externaltools.gnu-tools-for-stm32.13.3.rel1.linux64_1.0.100.202509120712/tools/bin/../lib/gcc/arm-none-eabi/13.3.1/../../../../arm-none-eabi/lib/thumb/v7e-m+dp/hard/libc_nano.a(libc_a-memset.o)
                              /home/thchzh/st/stm32cubeide_2.0.0/plugins/com.st.stm32cube.ide.mcu.externaltools.gnu-tools-for-stm32.13.3.rel1.linux64_1.0.100.202509120712/tools/bin/../lib/gcc/arm-none-eabi/13.3.1/../../../../arm-none-eabi/lib/thumb/v7e-m+dp/hard/crt0.o (memset)
/home/thchzh/st/stm32cubeide_2.0.0/plugins/com.st.stm32cube.ide.mcu.externaltools.gnu-tools-for-stm32.13.3.rel1.linux64_1.0.100.202509120712/tools/bin/../lib/gcc/arm-none-eabi/13.3.1/../../../../arm-none-eabi/lib/thumb/v7e-m+dp/hard/libc_nano.a(libc_a-closer.o)
                              /home/thchzh/st/stm32cubeide_2.0.0/plugins/com.st.stm32cube.ide.mcu.externaltools.gnu-tools-for-stm32.13.3.rel1.linux64_1.0.100.202509120712/tools/bin/../lib/gcc/arm-none-eabi/13.3.1/../../../../arm-none-eabi/lib/thumb/v7e-m+dp/hard/libc_nano.a(libc_a-stdio.o) (_close_r)
/home/thchzh/st/stm32cubeide_2.0.0/plugins/com.st.stm32cube.ide.mcu.externaltools.gnu-tools-for-stm32.13.3.rel1.linux64_1.0.100.202509120712/tools/bin/../lib/gcc/arm-none-eabi/13.3.1/../../../../arm-none-eabi/lib/thumb/v7e-m+dp/hard/libc_nano.a(libc_a-reent.o)
                              /home/thchzh/st/stm32cubeide_2.0.0/plugins/com.st.stm32cube.ide.mcu.externaltools.gnu-tools-for-stm32.13.3.rel1.linux64_1.0.100.202509120712/tools/bin/../lib/gcc/arm-none-eabi/13.3.1/../../../../arm-none-eabi/lib/thumb/v7e-m+dp/hard/libc_nano.a(libc_a-closer.o) (errno)
/home/thchzh/st/stm32cubeide_2.0.0/plugins/com.st.stm32cube.ide.mcu.externaltools.gnu-tools-for-stm32.13.3.rel1.linux64_1.0.100.202509120712/tools/bin/../lib/gcc/arm-none-eabi/13.3.1/../../../../arm-none-eabi/lib/thumb/v7e-m+dp/hard/libc_nano.a(libc_a-impure.o)
                              /home/thchzh/st/stm32cubeide_2.0.0/plugins/com.st.stm32cube.ide.mcu.externaltools.gnu-tools-for-stm32.13.3.rel1.linux64_1.0.100.202509120712/tools/bin/../lib/gcc/arm-none-eabi/13.3.1/../../../../arm-none-eabi/lib/thumb/v7e-m+dp/hard/libc_nano.a(libc_a-reent.o) (_impure_ptr)
/home/thchzh/st/stm32cubeide_2.0.0/plugins/com.st.stm32cube.ide.mcu.externaltools.gnu-tools-for-stm32.13.3.rel1.linux64_1.0.100.202509120712/tools/bin/../lib/gcc/arm-none-eabi/13.3.1/../../../../arm-none-eabi/lib/thumb/v7e-m+dp/hard/libc_nano.a(libc_a-lseekr.o)
[...]
Memory Configuration

Name             Origin             Length             Attributes
FLASH            0x08000000         0x00200000         xr
DTCMRAM          0x20000000         0x00020000         xrw
RAM_D1           0x24000000         0x00080000         xrw
RAM_D2           0x30000000         0x00048000         xrw
RAM_D3           0x38000000         0x00010000         xrw
ITCMRAM          0x00000000         0x00010000         xrw
*default*        0x00000000         0xffffffff

Linker script and memory map

LOAD /home/thchzh/st/stm32cubeide_2.0.0/plugins/com.st.stm32cube.ide.mcu.externaltools.gnu-tools-for-stm32.13.3.rel1.linux64_1.0.100.202509120712/tools/bin/../lib/gcc/arm-none-eabi/13.3.1/thumb/v7e-m+dp/hard/crti.o
LOAD /home/thchzh/st/stm32cubeide_2.0.0/plugins/com.st.stm32cube.ide.mcu.externaltools.gnu-tools-for-stm32.13.3.rel1.linux64_1.0.100.202509120712/tools/bin/../lib/gcc/arm-none-eabi/13.3.1/thumb/v7e-m+dp/hard/crtbegin.o
LOAD /home/thchzh/st/stm32cubeide_2.0.0/plugins/com.st.stm32cube.ide.mcu.externaltools.gnu-tools-for-stm32.13.3.rel1.linux64_1.0.100.202509120712/tools/bin/../lib/gcc/arm-none-eabi/13.3.1/../../../../arm-none-eabi/lib/thumb/v7e-m+dp/hard/crt0.o
LOAD ./Core/Src/main.o
LOAD ./Core/Src/stm32h7xx_hal_msp.o
LOAD ./Core/Src/stm32h7xx_it.o
LOAD ./Core/Src/syscalls.o
LOAD ./Core/Src/sysmem.o
LOAD ./Core/Src/system_stm32h7xx.o
LOAD ./Core/Startup/startup_stm32h753zitx.o
LOAD ./Drivers/STM32H7xx_HAL_Driver/Src/stm32h7xx_hal.o
LOAD ./Drivers/STM32H7xx_HAL_Driver/Src/stm32h7xx_hal_cortex.o
LOAD ./Drivers/STM32H7xx_HAL_Driver/Src/stm32h7xx_hal_dma.o
LOAD ./Drivers/STM32H7xx_HAL_Driver/Src/stm32h7xx_hal_dma_ex.o
LOAD ./Drivers/STM32H7xx_HAL_Driver/Src/stm32h7xx_hal_exti.o
LOAD ./Drivers/STM32H7xx_HAL_Driver/Src/stm32h7xx_hal_flash.o
LOAD ./Drivers/STM32H7xx_HAL_Driver/Src/stm32h7xx_hal_flash_ex.o
LOAD ./Drivers/STM32H7xx_HAL_Driver/Src/stm32h7xx_hal_gpio.o
LOAD ./Drivers/STM32H7xx_HAL_Driver/Src/stm32h7xx_hal_hsem.o
LOAD ./Drivers/STM32H7xx_HAL_Driver/Src/stm32h7xx_hal_i2c.o
LOAD ./Drivers/STM32H7xx_HAL_Driver/Src/stm32h7xx_hal_i2c_ex.o
LOAD ./Drivers/STM32H7xx_HAL_Driver/Src/stm32h7xx_hal_mdma.o
LOAD ./Drivers/STM32H7xx_HAL_Driver/Src/stm32h7xx_hal_pwr.o
LOAD ./Drivers/STM32H7xx_HAL_Driver/Src/stm32h7xx_hal_pwr_ex.o
LOAD ./Drivers/STM32H7xx_HAL_Driver/Src/stm32h7xx_hal_rcc.o
LOAD ./Drivers/STM32H7xx_HAL_Driver/Src/stm32h7xx_hal_rcc_ex.o
LOAD ./Drivers/STM32H7xx_HAL_Driver/Src/stm32h7xx_hal_tim.o
LOAD ./Drivers/STM32H7xx_HAL_Driver/Src/stm32h7xx_hal_tim_ex.o
START GROUP
LOAD /home/thchzh/st/stm32cubeide_2.0.0/plugins/com.st.stm32cube.ide.mcu.externaltools.gnu-tools-for-stm32.13.3.rel1.linux64_1.0.100.202509120712/tools/bin/../lib/gcc/arm-none-eabi/13.3.1/../../../../arm-none-eabi/lib/thumb/v7e-m+dp/hard/libc_nano.a
LOAD /home/thchzh/st/stm32cubeide_2.0.0/plugins/com.st.stm32cube.ide.mcu.externaltools.gnu-tools-for-stm32.13.3.rel1.linux64_1.0.100.202509120712/tools/bin/../lib/gcc/arm-none-eabi/13.3.1/../../../../arm-none-eabi/lib/thumb/v7e-m+dp/hard/libm.a
END GROUP
START GROUP
LOAD /home/thchzh/st/stm32cubeide_2.0.0/plugins/com.st.stm32cube.ide.mcu.externaltools.gnu-tools-for-stm32.13.3.rel1.linux64_1.0.100.202509120712/tools/bin/../lib/gcc/arm-none-eabi/13.3.1/thumb/v7e-m+dp/hard/libgcc.a
LOAD /home/thchzh/st/stm32cubeide_2.0.0/plugins/com.st.stm32cube.ide.mcu.externaltools.gnu-tools-for-stm32.13.3.rel1.linux64_1.0.100.202509120712/tools/bin/../lib/gcc/arm-none-eabi/13.3.1/../../../../arm-none-eabi/lib/thumb/v7e-m+dp/hard/libc_nano.a
END GROUP
START GROUP
LOAD /home/thchzh/st/stm32cubeide_2.0.0/plugins/com.st.stm32cube.ide.mcu.externaltools.gnu-tools-for-stm32.13.3.rel1.linux64_1.0.100.202509120712/tools/bin/../lib/gcc/arm-none-eabi/13.3.1/thumb/v7e-m+dp/hard/libgcc.a
LOAD /home/thchzh/st/stm32cubeide_2.0.0/plugins/com.st.stm32cube.ide.mcu.externaltools.gnu-tools-for-stm32.13.3.rel1.linux64_1.0.100.202509120712/tools/bin/../lib/gcc/arm-none-eabi/13.3.1/../../../../arm-none-eabi/lib/thumb/v7e-m+dp/hard/libc_nano.a
LOAD /home/thchzh/st/stm32cubeide_2.0.0/plugins/com.st.stm32cube.ide.mcu.externaltools.gnu-tools-for-stm32.13.3.rel1.linux64_1.0.100.202509120712/tools/bin/../lib/gcc/arm-none-eabi/13.3.1/../../../../arm-none-eabi/lib/thumb/v7e-m+dp/hard/libnosys.a
END GROUP
START GROUP
LOAD /home/thchzh/st/stm32cubeide_2.0.0/plugins/com.st.stm32cube.ide.mcu.externaltools.gnu-tools-for-stm32.13.3.rel1.linux64_1.0.100.202509120712/tools/bin/../lib/gcc/arm-none-eabi/13.3.1/thumb/v7e-m+dp/hard/libgcc.a
LOAD /home/thchzh/st/stm32cubeide_2.0.0/plugins/com.st.stm32cube.ide.mcu.externaltools.gnu-tools-for-stm32.13.3.rel1.linux64_1.0.100.202509120712/tools/bin/../lib/gcc/arm-none-eabi/13.3.1/../../../../arm-none-eabi/lib/thumb/v7e-m+dp/hard/libc_nano.a
LOAD /home/thchzh/st/stm32cubeide_2.0.0/plugins/com.st.stm32cube.ide.mcu.externaltools.gnu-tools-for-stm32.13.3.rel1.linux64_1.0.100.202509120712/tools/bin/../lib/gcc/arm-none-eabi/13.3.1/../../../../arm-none-eabi/lib/thumb/v7e-m+dp/hard/libnosys.a
END GROUP
LOAD /home/thchzh/st/stm32cubeide_2.0.0/plugins/com.st.stm32cube.ide.mcu.externaltools.gnu-tools-for-stm32.13.3.rel1.linux64_1.0.100.202509120712/tools/bin/../lib/gcc/arm-none-eabi/13.3.1/thumb/v7e-m+dp/hard/crtend.o
LOAD /home/thchzh/st/stm32cubeide_2.0.0/plugins/com.st.stm32cube.ide.mcu.externaltools.gnu-tools-for-stm32.13.3.rel1.linux64_1.0.100.202509120712/tools/bin/../lib/gcc/arm-none-eabi/13.3.1/thumb/v7e-m+dp/hard/crtn.o
                0x24080000                        _estack = (ORIGIN (RAM_D1) + LENGTH (RAM_D1))
                0x00000200                        _Min_Heap_Size = 0x200
                0x00000400                        _Min_Stack_Size = 0x400

.isr_vector     0x08000000      0x298
                0x08000000                        . = ALIGN (0x4)
 *(.isr_vector)
 .isr_vector    0x08000000      0x298 ./Core/Startup/startup_stm32h753zitx.o
                0x08000000                g_pfnVectors
                0x08000298                        . = ALIGN (0x4)

.text           0x08000298     0x1aa8
                0x08000298                        . = ALIGN (0x4)
 *(.text)
 .text          0x08000298       0x40 /home/thchzh/st/stm32cubeide_2.0.0/plugins/com.st.stm32cube.ide.mcu.externaltools.gnu-tools-for-stm32.13.3.rel1.linux64_1.0.100.202509120712/tools/bin/../lib/gcc/arm-none-eabi/13.3.1/thumb/v7e-m+dp/hard/crtbegin.o
 *(.text*)
 .text.SystemClock_Config
                0x080002d8       0x9c ./Core/Src/main.o
                0x080002d8                SystemClock_Config
 .text.startup.main
                0x08000374      0x140 ./Core/Src/main.o
                0x08000374                main
 .text.HAL_MspInit
                0x080004b4       0x24 ./Core/Src/stm32h7xx_hal_msp.o
                0x080004b4                HAL_MspInit
 .text.HAL_TIM_Base_MspInit
                0x080004d8       0x30 ./Core/Src/stm32h7xx_hal_msp.o
                0x080004d8                HAL_TIM_Base_MspInit
 .text.HAL_TIM_MspPostInit
                0x08000508       0x58 ./Core/Src/stm32h7xx_hal_msp.o
                0x08000508                HAL_TIM_MspPostInit
 .text.NMI_Handler
                0x08000560        0x2 ./Core/Src/stm32h7xx_it.o
                0x08000560                NMI_Handler
 .text.HardFault_Handler
                0x08000562        0x2 ./Core/Src/stm32h7xx_it.o
                0x08000562                HardFault_Handler
 .text.MemManage_Handler
                0x08000564        0x2 ./Core/Src/stm32h7xx_it.o
                0x08000564                MemManage_Handler
 .text.BusFault_Handler
                0x08000566        0x2 ./Core/Src/stm32h7xx_it.o
                0x08000566                BusFault_Handler
 .text.UsageFault_Handler
                0x08000568        0x2 ./Core/Src/stm32h7xx_it.o
                0x08000568                UsageFault_Handler
 .text.SVC_Handler
                0x0800056a        0x2 ./Core/Src/stm32h7xx_it.o
                0x0800056a                SVC_Handler
 .text.DebugMon_Handler
                0x0800056c        0x2 ./Core/Src/stm32h7xx_it.o
                0x0800056c                DebugMon_Handler
 .text.PendSV_Handler
                0x0800056e        0x2 ./Core/Src/stm32h7xx_it.o
                0x0800056e                PendSV_Handler
 .text.SysTick_Handler
                0x08000570        0x4 ./Core/Src/stm32h7xx_it.o
                0x08000570                SysTick_Handler
 .text.SystemInit
                0x08000574       0xe4 ./Core/Src/system_stm32h7xx.o
                0x08000574                SystemInit
 .text.ExitRun0Mode
                0x08000658       0x18 ./Core/Src/system_stm32h7xx.o
                0x08000658                ExitRun0Mode
 .text.Reset_Handler
                0x08000670       0x54 ./Core/Startup/startup_stm32h753zitx.o
                0x08000670                Reset_Handler
 .text.Default_Handler
                0x080006c4        0x2 ./Core/Startup/startup_stm32h753zitx.o
                0x080006c4                RTC_Alarm_IRQHandler
                0x080006c4                HASH_RNG_IRQHandler
                0x080006c4                EXTI2_IRQHandler
                0x080006c4                TIM8_CC_IRQHandler
                0x080006c4                HRTIM1_Master_IRQHandler
                0x080006c4                UART8_IRQHandler
                0x080006c4                SPI4_IRQHandler
                0x080006c4                TIM1_CC_IRQHandler
                0x080006c4                BDMA_Channel6_IRQHandler
                0x080006c4                DMA2_Stream5_IRQHandler
                0x080006c4                HRTIM1_FLT_IRQHandler
                0x080006c4                JPEG_IRQHandler
                0x080006c4                DMA1_Stream5_IRQHandler
                0x080006c4                BDMA_Channel1_IRQHandler
                0x080006c4                HRTIM1_TIMD_IRQHandler
                0x080006c4                TAMP_STAMP_IRQHandler
                0x080006c4                EXTI3_IRQHandler
                0x080006c4                LPTIM4_IRQHandler
                0x080006c4                TIM8_TRG_COM_TIM14_IRQHandler
                0x080006c4                LPTIM2_IRQHandler
                0x080006c4                DFSDM1_FLT1_IRQHandler
                0x080006c4                DMAMUX2_OVR_IRQHandler
                0x080006c4                TIM8_UP_TIM13_IRQHandler
                0x080006c4                I2C3_ER_IRQHandler
                0x080006c4                DFSDM1_FLT2_IRQHandler
                0x080006c4                MDMA_IRQHandler
                0x080006c4                LPTIM3_IRQHandler
                0x080006c4                HSEM1_IRQHandler
                0x080006c4                EXTI0_IRQHandler
                0x080006c4                I2C2_EV_IRQHandler
                0x080006c4                DMA1_Stream2_IRQHandler
                0x080006c4                FPU_IRQHandler
                0x080006c4                OTG_HS_WKUP_IRQHandler
                0x080006c4                FDCAN1_IT1_IRQHandler
                0x080006c4                LTDC_ER_IRQHandler
                0x080006c4                DMA2_Stream2_IRQHandler
                0x080006c4                HRTIM1_TIME_IRQHandler
                0x080006c4                SPI1_IRQHandler
                0x080006c4                TIM6_DAC_IRQHandler
                0x080006c4                DCMI_IRQHandler
                0x080006c4                HRTIM1_TIMC_IRQHandler
                0x080006c4                DMA2_Stream3_IRQHandler
                0x080006c4                SAI2_IRQHandler
                0x080006c4                DFSDM1_FLT3_IRQHandler
                0x080006c4                USART6_IRQHandler
                0x080006c4                TIM17_IRQHandler
                0x080006c4                USART3_IRQHandler
                0x080006c4                BDMA_Channel7_IRQHandler
                0x080006c4                CRYP_IRQHandler
                0x080006c4                LPTIM5_IRQHandler
                0x080006c4                UART5_IRQHandler
                0x080006c4                ADC3_IRQHandler
                0x080006c4                DMA2_Stream0_IRQHandler
                0x080006c4                TIM4_IRQHandler
                0x080006c4                BDMA_Channel2_IRQHandler
                0x080006c4                QUADSPI_IRQHandler
                0x080006c4                I2C1_EV_IRQHandler
                0x080006c4                DMA1_Stream6_IRQHandler
                0x080006c4                DMAMUX1_OVR_IRQHandler
                0x080006c4                DMA1_Stream1_IRQHandler
                0x080006c4                TIM16_IRQHandler
                0x080006c4                UART4_IRQHandler
                0x080006c4                BDMA_Channel5_IRQHandler
                0x080006c4                TIM3_IRQHandler
                0x080006c4                RCC_IRQHandler
                0x080006c4                TIM8_BRK_TIM12_IRQHandler
                0x080006c4                TIM1_TRG_COM_IRQHandler
                0x080006c4                Default_Handler
                0x080006c4                ECC_IRQHandler
                0x080006c4                CEC_IRQHandler
                0x080006c4                EXTI15_10_IRQHandler
                0x080006c4                BDMA_Channel0_IRQHandler
                0x080006c4                ADC_IRQHandler
                0x080006c4                DMA1_Stream7_IRQHandler
                0x080006c4                HRTIM1_TIMA_IRQHandler
                0x080006c4                SPI5_IRQHandler
                0x080006c4                TIM7_IRQHandler
                0x080006c4                SDMMC1_IRQHandler
                0x080006c4                TIM5_IRQHandler
                0x080006c4                DMA2_Stream7_IRQHandler
                0x080006c4                TIM15_IRQHandler
                0x080006c4                PVD_AVD_IRQHandler
                0x080006c4                I2C3_EV_IRQHandler
                0x080006c4                EXTI9_5_IRQHandler
                0x080006c4                RTC_WKUP_IRQHandler
                0x080006c4                LTDC_IRQHandler
                0x080006c4                SAI3_IRQHandler
                0x080006c4                ETH_WKUP_IRQHandler
                0x080006c4                SPDIF_RX_IRQHandler
                0x080006c4                SPI2_IRQHandler
                0x080006c4                OTG_HS_EP1_IN_IRQHandler
                0x080006c4                DMA1_Stream0_IRQHandler
                0x080006c4                CRS_IRQHandler
                0x080006c4                EXTI4_IRQHandler
                0x080006c4                HRTIM1_TIMB_IRQHandler
                0x080006c4                FDCAN2_IT1_IRQHandler
                0x080006c4                ETH_IRQHandler
                0x080006c4                TIM1_UP_IRQHandler
                0x080006c4                BDMA_Channel4_IRQHandler
                0x080006c4                OTG_HS_EP1_OUT_IRQHandler
                0x080006c4                WWDG_IRQHandler
                0x080006c4                SPI6_IRQHandler
                0x080006c4                MDIOS_IRQHandler
                0x080006c4                I2C4_EV_IRQHandler
                0x080006c4                FDCAN2_IT0_IRQHandler
                0x080006c4                LPUART1_IRQHandler
                0x080006c4                FDCAN1_IT0_IRQHandler
                0x080006c4                TIM2_IRQHandler
                0x080006c4                OTG_FS_WKUP_IRQHandler
                0x080006c4                OTG_HS_IRQHandler
                0x080006c4                DMA2D_IRQHandler
                0x080006c4                TIM1_BRK_IRQHandler
                0x080006c4                EXTI1_IRQHandler
                0x080006c4                SDMMC2_IRQHandler
                0x080006c4                OTG_FS_EP1_OUT_IRQHandler
                0x080006c4                BDMA_Channel3_IRQHandler
                0x080006c4                UART7_IRQHandler
                0x080006c4                MDIOS_WKUP_IRQHandler
                0x080006c4                USART2_IRQHandler
                0x080006c4                DFSDM1_FLT0_IRQHandler
                0x080006c4                SAI4_IRQHandler
                0x080006c4                I2C2_ER_IRQHandler
                0x080006c4                DMA2_Stream1_IRQHandler
                0x080006c4                FLASH_IRQHandler
                0x080006c4                DMA2_Stream4_IRQHandler
                0x080006c4                USART1_IRQHandler
                0x080006c4                OTG_FS_IRQHandler
                0x080006c4                SPI3_IRQHandler
                0x080006c4                WAKEUP_PIN_IRQHandler
                0x080006c4                DMA1_Stream4_IRQHandler
                0x080006c4                OTG_FS_EP1_IN_IRQHandler
                0x080006c4                I2C1_ER_IRQHandler
                0x080006c4                FMC_IRQHandler
                0x080006c4                FDCAN_CAL_IRQHandler
                0x080006c4                SWPMI1_IRQHandler
                0x080006c4                COMP1_IRQHandler
                0x080006c4                LPTIM1_IRQHandler
                0x080006c4                I2C4_ER_IRQHandler
                0x080006c4                DMA2_Stream6_IRQHandler
                0x080006c4                SAI1_IRQHandler
                0x080006c4                DMA1_Stream3_IRQHandler
 *fill*         0x080006c6        0x2 
 .text.HAL_InitTick
                0x080006c8       0x4c ./Drivers/STM32H7xx_HAL_Driver/Src/stm32h7xx_hal.o
                0x080006c8                HAL_InitTick
 .text.HAL_Init
                0x08000714       0x5c ./Drivers/STM32H7xx_HAL_Driver/Src/stm32h7xx_hal.o
                0x08000714                HAL_Init
 .text.HAL_IncTick
                0x08000770       0x18 ./Drivers/STM32H7xx_HAL_Driver/Src/stm32h7xx_hal.o
                0x08000770                HAL_IncTick
 .text.HAL_GetTick
                0x08000788        0xc ./Drivers/STM32H7xx_HAL_Driver/Src/stm32h7xx_hal.o
                0x08000788                HAL_GetTick
 .text.HAL_GetREVID
                0x08000794        0xc ./Drivers/STM32H7xx_HAL_Driver/Src/stm32h7xx_hal.o
                0x08000794                HAL_GetREVID
 .text.HAL_NVIC_SetPriorityGrouping
                0x080007a0       0x24 ./Drivers/STM32H7xx_HAL_Driver/Src/stm32h7xx_hal_cortex.o
                0x080007a0                HAL_NVIC_SetPriorityGrouping
 .text.HAL_NVIC_SetPriority
                0x080007c4       0x64 ./Drivers/STM32H7xx_HAL_Driver/Src/stm32h7xx_hal_cortex.o
                0x080007c4                HAL_NVIC_SetPriority
 .text.HAL_SYSTICK_Config
                0x08000828       0x28 ./Drivers/STM32H7xx_HAL_Driver/Src/stm32h7xx_hal_cortex.o
                0x08000828                HAL_SYSTICK_Config
 .text.HAL_MPU_Disable
                0x08000850       0x1c ./Drivers/STM32H7xx_HAL_Driver/Src/stm32h7xx_hal_cortex.o
                0x08000850                HAL_MPU_Disable
 .text.HAL_MPU_Enable
                0x0800086c       0x20 ./Drivers/STM32H7xx_HAL_Driver/Src/stm32h7xx_hal_cortex.o
                0x0800086c                HAL_MPU_Enable
 .text.HAL_MPU_ConfigRegion
                0x0800088c       0x58 ./Drivers/STM32H7xx_HAL_Driver/Src/stm32h7xx_hal_cortex.o
                0x0800088c                HAL_MPU_ConfigRegion
 .text.HAL_GPIO_Init
                0x080008e4      0x1d0 ./Drivers/STM32H7xx_HAL_Driver/Src/stm32h7xx_hal_gpio.o
                0x080008e4                HAL_GPIO_Init
 .text.HAL_PWREx_ConfigSupply
                0x08000ab4       0x48 ./Drivers/STM32H7xx_HAL_Driver/Src/stm32h7xx_hal_pwr_ex.o
                0x08000ab4                HAL_PWREx_ConfigSupply
 .text.HAL_RCC_OscConfig
                0x08000afc      0x550 ./Drivers/STM32H7xx_HAL_Driver/Src/stm32h7xx_hal_rcc.o
                0x08000afc                HAL_RCC_OscConfig
 .text.HAL_RCC_GetSysClockFreq
                0x0800104c      0x144 ./Drivers/STM32H7xx_HAL_Driver/Src/stm32h7xx_hal_rcc.o
                0x0800104c                HAL_RCC_GetSysClockFreq
 .text.HAL_RCC_ClockConfig
                0x08001190      0x24c ./Drivers/STM32H7xx_HAL_Driver/Src/stm32h7xx_hal_rcc.o
                0x08001190                HAL_RCC_ClockConfig
 .text.TIM_OC1_SetConfig
                0x080013dc       0x74 ./Drivers/STM32H7xx_HAL_Driver/Src/stm32h7xx_hal_tim.o
 .text.TIM_OC3_SetConfig
                0x08001450       0x80 ./Drivers/STM32H7xx_HAL_Driver/Src/stm32h7xx_hal_tim.o
 .text.TIM_OC4_SetConfig
                0x080014d0       0x68 ./Drivers/STM32H7xx_HAL_Driver/Src/stm32h7xx_hal_tim.o
 .text.TIM_OC5_SetConfig
                0x08001538       0x68 ./Drivers/STM32H7xx_HAL_Driver/Src/stm32h7xx_hal_tim.o
 .text.TIM_OC6_SetConfig
                0x080015a0       0x68 ./Drivers/STM32H7xx_HAL_Driver/Src/stm32h7xx_hal_tim.o
 .text.HAL_TIM_PWM_MspInit
                0x08001608        0x2 ./Drivers/STM32H7xx_HAL_Driver/Src/stm32h7xx_hal_tim.o
                0x08001608                HAL_TIM_PWM_MspInit
 *fill*         0x0800160a        0x2 
 .text.TIM_Base_SetConfig
                0x0800160c       0xa8 ./Drivers/STM32H7xx_HAL_Driver/Src/stm32h7xx_hal_tim.o
                0x0800160c                TIM_Base_SetConfig
 .text.HAL_TIM_Base_Init
                0x080016b4       0x60 ./Drivers/STM32H7xx_HAL_Driver/Src/stm32h7xx_hal_tim.o
                0x080016b4                HAL_TIM_Base_Init
 .text.HAL_TIM_PWM_Init
                0x08001714       0x60 ./Drivers/STM32H7xx_HAL_Driver/Src/stm32h7xx_hal_tim.o
                0x08001714                HAL_TIM_PWM_Init
 .text.TIM_OC2_SetConfig
                0x08001774       0x80 ./Drivers/STM32H7xx_HAL_Driver/Src/stm32h7xx_hal_tim.o
                0x08001774                TIM_OC2_SetConfig
 .text.HAL_TIM_PWM_ConfigChannel
                0x080017f4       0xf8 ./Drivers/STM32H7xx_HAL_Driver/Src/stm32h7xx_hal_tim.o
                0x080017f4                HAL_TIM_PWM_ConfigChannel
 .text.TIM_ETR_SetConfig
                0x080018ec       0x14 ./Drivers/STM32H7xx_HAL_Driver/Src/stm32h7xx_hal_tim.o
                0x080018ec                TIM_ETR_SetConfig
 .text.HAL_TIM_ConfigClockSource
                0x08001900      0x178 ./Drivers/STM32H7xx_HAL_Driver/Src/stm32h7xx_hal_tim.o
                0x08001900                HAL_TIM_ConfigClockSource
 .text.TIM_CCxChannelCmd
                0x08001a78       0x1c ./Drivers/STM32H7xx_HAL_Driver/Src/stm32h7xx_hal_tim.o
                0x08001a78                TIM_CCxChannelCmd
 .text.HAL_TIM_OC_Start
                0x08001a94      0x120 ./Drivers/STM32H7xx_HAL_Driver/Src/stm32h7xx_hal_tim.o
                0x08001a94                HAL_TIM_OC_Start
 .text.HAL_TIM_PWM_Start
                0x08001bb4        0x4 ./Drivers/STM32H7xx_HAL_Driver/Src/stm32h7xx_hal_tim.o
                0x08001bb4                HAL_TIM_PWM_Start
 .text.HAL_TIMEx_MasterConfigSynchronization
                0x08001bb8       0x94 ./Drivers/STM32H7xx_HAL_Driver/Src/stm32h7xx_hal_tim_ex.o
                0x08001bb8                HAL_TIMEx_MasterConfigSynchronization
 .text.HAL_TIMEx_ConfigBreakDeadTime
                0x08001c4c       0x84 ./Drivers/STM32H7xx_HAL_Driver/Src/stm32h7xx_hal_tim_ex.o
                0x08001c4c                HAL_TIMEx_ConfigBreakDeadTime
 .text.memset   0x08001cd0       0x10 /home/thchzh/st/stm32cubeide_2.0.0/plugins/com.st.stm32cube.ide.mcu.externaltools.gnu-tools-for-stm32.13.3.rel1.linux64_1.0.100.202509120712/tools/bin/../lib/gcc/arm-none-eabi/13.3.1/../../../../arm-none-eabi/lib/thumb/v7e-m+dp/hard/libc_nano.a(libc_a-memset.o)
                0x08001cd0                memset
 .text.__libc_init_array
                0x08001ce0       0x48 /home/thchzh/st/stm32cubeide_2.0.0/plugins/com.st.stm32cube.ide.mcu.externaltools.gnu-tools-for-stm32.13.3.rel1.linux64_1.0.100.202509120712/tools/bin/../lib/gcc/arm-none-eabi/13.3.1/../../../../arm-none-eabi/lib/thumb/v7e-m+dp/hard/libc_nano.a(libc_a-init.o)
                0x08001ce0                __libc_init_array
 *(.glue_7)
 .glue_7        0x08001d28        0x0 linker stubs
 *(.glue_7t)
 .glue_7t       0x08001d28        0x0 linker stubs
 *(.eh_frame)
 .eh_frame      0x08001d28        0x0 /home/thchzh/st/stm32cubeide_2.0.0/plugins/com.st.stm32cube.ide.mcu.externaltools.gnu-tools-for-stm32.13.3.rel1.linux64_1.0.100.202509120712/tools/bin/../lib/gcc/arm-none-eabi/13.3.1/thumb/v7e-m+dp/hard/crtbegin.o
 *(.init)
 .init          0x08001d28        0x4 /home/thchzh/st/stm32cubeide_2.0.0/plugins/com.st.stm32cube.ide.mcu.externaltools.gnu-tools-for-stm32.13.3.rel1.linux64_1.0.100.202509120712/tools/bin/../lib/gcc/arm-none-eabi/13.3.1/thumb/v7e-m+dp/hard/crti.o
                0x08001d28                _init
 .init          0x08001d2c        0x8 /home/thchzh/st/stm32cubeide_2.0.0/plugins/com.st.stm32cube.ide.mcu.externaltools.gnu-tools-for-stm32.13.3.rel1.linux64_1.0.100.202509120712/tools/bin/../lib/gcc/arm-none-eabi/13.3.1/thumb/v7e-m+dp/hard/crtn.o
 *(.fini)
 .fini          0x08001d34        0x4 /home/thchzh/st/stm32cubeide_2.0.0/plugins/com.st.stm32cube.ide.mcu.externaltools.gnu-tools-for-stm32.13.3.rel1.linux64_1.0.100.202509120712/tools/bin/../lib/gcc/arm-none-eabi/13.3.1/thumb/v7e-m+dp/hard/crti.o
                0x08001d34                _fini
 .fini          0x08001d38        0x8 /home/thchzh/st/stm32cubeide_2.0.0/plugins/com.st.stm32cube.ide.mcu.externaltools.gnu-tools-for-stm32.13.3.rel1.linux64_1.0.100.202509120712/tools/bin/../lib/gcc/arm-none-eabi/13.3.1/thumb/v7e-m+dp/hard/crtn.o
                0x08001d40                        . = ALIGN (0x4)
                0x08001d40                        _etext = .

.vfp11_veneer   0x08001d40        0x0
 .vfp11_veneer  0x08001d40        0x0 linker stubs

.v4_bx          0x08001d40        0x0
 .v4_bx         0x08001d40        0x0 linker stubs

.iplt           0x08001d40        0x0
 .iplt          0x08001d40        0x0 /home/thchzh/st/stm32cubeide_2.0.0/plugins/com.st.stm32cube.ide.mcu.externaltools.gnu-tools-for-stm32.13.3.rel1.linux64_1.0.100.202509120712/tools/bin/../lib/gcc/arm-none-eabi/13.3.1/thumb/v7e-m+dp/hard/crtbegin.o

.rodata         0x08001d40       0x10
                0x08001d40                        . = ALIGN (0x4)
 *(.rodata)
 *(.rodata*)
 .rodata.D1CorePrescTable
                0x08001d40       0x10 ./Core/Src/system_stm32h7xx.o
                0x08001d40                D1CorePrescTable
                0x08001d50                        . = ALIGN (0x4)

.ARM.extab
 *(.ARM.extab* .gnu.linkonce.armextab.*)

.ARM            0x08001d50        0x0
                0x08001d50                        __exidx_start = .
 *(.ARM.exidx*)
                0x08001d50                        __exidx_end = .

.preinit_array  0x08001d50        0x0
                0x08001d50                        PROVIDE (__preinit_array_start = .)
 *(.preinit_array*)
                0x08001d50                        PROVIDE (__preinit_array_end = .)

.init_array     0x08001d50        0x4
                0x08001d50                        PROVIDE (__init_array_start = .)
 *(SORT_BY_NAME(.init_array.*))
 *(.init_array*)
 .init_array    0x08001d50        0x4 /home/thchzh/st/stm32cubeide_2.0.0/plugins/com.st.stm32cube.ide.mcu.externaltools.gnu-tools-for-stm32.13.3.rel1.linux64_1.0.100.202509120712/tools/bin/../lib/gcc/arm-none-eabi/13.3.1/thumb/v7e-m+dp/hard/crtbegin.o
                0x08001d54                        PROVIDE (__init_array_end = .)

.fini_array     0x08001d54        0x4
                [!provide]                        PROVIDE (__fini_array_start = .)
 *(SORT_BY_NAME(.fini_array.*))
 *(.fini_array*)
 .fini_array    0x08001d54        0x4 /home/thchzh/st/stm32cubeide_2.0.0/plugins/com.st.stm32cube.ide.mcu.externaltools.gnu-tools-for-stm32.13.3.rel1.linux64_1.0.100.202509120712/tools/bin/../lib/gcc/arm-none-eabi/13.3.1/thumb/v7e-m+dp/hard/crtbegin.o
                [!provide]                        PROVIDE (__fini_array_end = .)
                0x08001d58                        _sidata = LOADADDR (.data)

.rel.dyn        0x08001d58        0x0
 .rel.iplt      0x08001d58        0x0 /home/thchzh/st/stm32cubeide_2.0.0/plugins/com.st.stm32cube.ide.mcu.externaltools.gnu-tools-for-stm32.13.3.rel1.linux64_1.0.100.202509120712/tools/bin/../lib/gcc/arm-none-eabi/13.3.1/thumb/v7e-m+dp/hard/crtbegin.o

.data           0x24000000       0x10 load address 0x08001d58
                0x24000000                        . = ALIGN (0x4)
                0x24000000                        _sdata = .
 *(.data)
 *(.data*)
 .data.SystemD2Clock
                0x24000000        0x4 ./Core/Src/system_stm32h7xx.o
                0x24000000                SystemD2Clock
 .data.SystemCoreClock
                0x24000004        0x4 ./Core/Src/system_stm32h7xx.o
                0x24000004                SystemCoreClock
 .data.uwTickFreq
                0x24000008        0x1 ./Drivers/STM32H7xx_HAL_Driver/Src/stm32h7xx_hal.o
                0x24000008                uwTickFreq
 *fill*         0x24000009        0x3 
 .data.uwTickPrio
                0x2400000c        0x4 ./Drivers/STM32H7xx_HAL_Driver/Src/stm32h7xx_hal.o
                0x2400000c                uwTickPrio
 *(.RamFunc)
 *(.RamFunc*)
                0x24000010                        . = ALIGN (0x4)
                0x24000010                        _edata = .

.igot.plt       0x24000010        0x0 load address 0x08001d68
 .igot.plt      0x24000010        0x0 /home/thchzh/st/stm32cubeide_2.0.0/plugins/com.st.stm32cube.ide.mcu.externaltools.gnu-tools-for-stm32.13.3.rel1.linux64_1.0.100.202509120712/tools/bin/../lib/gcc/arm-none-eabi/13.3.1/thumb/v7e-m+dp/hard/crtbegin.o
                0x24000010                        . = ALIGN (0x4)

.bss            0x24000010       0x6c load address 0x08001d68
                0x24000010                        _sbss = .
                0x24000010                        __bss_start__ = _sbss
 *(.bss)
 .bss           0x24000010       0x1c /home/thchzh/st/stm32cubeide_2.0.0/plugins/com.st.stm32cube.ide.mcu.externaltools.gnu-tools-for-stm32.13.3.rel1.linux64_1.0.100.202509120712/tools/bin/../lib/gcc/arm-none-eabi/13.3.1/thumb/v7e-m+dp/hard/crtbegin.o
 *(.bss*)
 .bss.htim1     0x2400002c       0x4c ./Core/Src/main.o
                0x2400002c                htim1
 .bss.uwTick    0x24000078        0x4 ./Drivers/STM32H7xx_HAL_Driver/Src/stm32h7xx_hal.o
                0x24000078                uwTick
 *(COMMON)
                0x2400007c                        . = ALIGN (0x4)
                0x2400007c                        _ebss = .
                0x2400007c                        __bss_end__ = _ebss

._user_heap_stack
                0x2400007c      0x604 load address 0x08001d68
                0x24000080                        . = ALIGN (0x8)
 *fill*         0x2400007c        0x4 
                [!provide]                        PROVIDE (end = .)
                0x24000080                        PROVIDE (_end = .)
                0x24000280                        . = (. + _Min_Heap_Size)
 *fill*         0x24000080      0x200 
                0x24000680                        . = (. + _Min_Stack_Size)
 *fill*         0x24000280      0x400 
                0x24000680                        . = ALIGN (0x8)

/DISCARD/
 libc.a(*)
 libm.a(*)
 libgcc.a(*)

.ARM.attributes
                0x00000000       0x2e
 *(.ARM.attributes)
 .ARM.attributes
                0x00000000       0x20 /home/thchzh/st/stm32cubeide_2.0.0/plugins/com.st.stm32cube.ide.mcu.externaltools.gnu-tools-for-stm32.13.3.rel1.linux64_1.0.100.202509120712/tools/bin/../lib/gcc/arm-none-eabi/13.3.1/thumb/v7e-m+dp/hard/crti.o
 .ARM.attributes
                0x00000020       0x32 /home/thchzh/st/stm32cubeide_2.0.0/plugins/com.st.stm32cube.ide.mcu.externaltools.gnu-tools-for-stm32.13.3.rel1.linux64_1.0.100.202509120712/tools/bin/../lib/gcc/arm-none-eabi/13.3.1/thumb/v7e-m+dp/hard/crtbegin.o
 .ARM.attributes
                0x00000052       0x32 ./Core/Src/main.o
 .ARM.attributes
                0x00000084       0x32 ./Core/Src/stm32h7xx_hal_msp.o
 .ARM.attributes
                0x000000b6       0x32 ./Core/Src/stm32h7xx_it.o
 .ARM.attributes
                0x000000e8       0x32 ./Core/Src/system_stm32h7xx.o
 .ARM.attributes
                0x0000011a       0x21 ./Core/Startup/startup_stm32h753zitx.o
 .ARM.attributes
                0x0000013b       0x32 ./Drivers/STM32H7xx_HAL_Driver/Src/stm32h7xx_hal.o
 .ARM.attributes
                0x0000016d       0x32 ./Drivers/STM32H7xx_HAL_Driver/Src/stm32h7xx_hal_cortex.o
 .ARM.attributes
                0x0000019f       0x32 ./Drivers/STM32H7xx_HAL_Driver/Src/stm32h7xx_hal_gpio.o
 .ARM.attributes
                0x000001d1       0x32 ./Drivers/STM32H7xx_HAL_Driver/Src/stm32h7xx_hal_pwr_ex.o
 .ARM.attributes
                0x00000203       0x32 ./Drivers/STM32H7xx_HAL_Driver/Src/stm32h7xx_hal_rcc.o
 .ARM.attributes
                0x00000235       0x32 ./Drivers/STM32H7xx_HAL_Driver/Src/stm32h7xx_hal_tim.o
 .ARM.attributes
                0x00000267       0x32 ./Drivers/STM32H7xx_HAL_Driver/Src/stm32h7xx_hal_tim_ex.o
 .ARM.attributes
                0x00000299       0x32 /home/thchzh/st/stm32cubeide_2.0.0/plugins/com.st.stm32cube.ide.mcu.externaltools.gnu-tools-for-stm32.13.3.rel1.linux64_1.0.100.202509120712/tools/bin/../lib/gcc/arm-none-eabi/13.3.1/../../../../arm-none-eabi/lib/thumb/v7e-m+dp/hard/libc_nano.a(libc_a-memset.o)
 .ARM.attributes
                0x000002cb       0x32 /home/thchzh/st/stm32cubeide_2.0.0/plugins/com.st.stm32cube.ide.mcu.externaltools.gnu-tools-for-stm32.13.3.rel1.linux64_1.0.100.202509120712/tools/bin/../lib/gcc/arm-none-eabi/13.3.1/../../../../arm-none-eabi/lib/thumb/v7e-m+dp/hard/libc_nano.a(libc_a-init.o)
 .ARM.attributes
                0x000002fd       0x20 /home/thchzh/st/stm32cubeide_2.0.0/plugins/com.st.stm32cube.ide.mcu.externaltools.gnu-tools-for-stm32.13.3.rel1.linux64_1.0.100.202509120712/tools/bin/../lib/gcc/arm-none-eabi/13.3.1/thumb/v7e-m+dp/hard/crtn.o
OUTPUT(camera_sync.elf elf32-littlearm)
LOAD linker stubs
LOAD /home/thchzh/st/stm32cubeide_2.0.0/plugins/com.st.stm32cube.ide.mcu.externaltools.gnu-tools-for-stm32.13.3.rel1.linux64_1.0.100.202509120712/tools/bin/../lib/gcc/arm-none-eabi/13.3.1/../../../../arm-none-eabi/lib/thumb/v7e-m+dp/hard/libc.a
LOAD /home/thchzh/st/stm32cubeide_2.0.0/plugins/com.st.stm32cube.ide.mcu.externaltools.gnu-tools-for-stm32.13.3.rel1.linux64_1.0.100.202509120712/tools/bin/../lib/gcc/arm-none-eabi/13.3.1/../../../../arm-none-eabi/lib/thumb/v7e-m+dp/hard/libm.a
LOAD /home/thchzh/st/stm32cubeide_2.0.0/plugins/com.st.stm32cube.ide.mcu.externaltools.gnu-tools-for-stm32.13.3.rel1.linux64_1.0.100.202509120712/tools/bin/../lib/gcc/arm-none-eabi/13.3.1/thumb/v7e-m+dp/hard/libgcc.a

.comment        0x00000000       0x43
 .comment       0x00000000       0x43 ./Core/Src/main.o
                                 0x44 (size before relaxing)
 .comment       0x00000043        0x0 ./Core/Src/stm32h7xx_hal_msp.o
                                 0x44 (size before relaxing)
 .comment       0x00000043        0x0 ./Core/Src/stm32h7xx_it.o
                                 0x44 (size before relaxing)
 .comment       0x00000043        0x0 ./Core/Src/system_stm32h7xx.o
                                 0x44 (size before relaxing)
 .comment       0x00000043        0x0 ./Drivers/STM32H7xx_HAL_Driver/Src/stm32h7xx_hal.o
                                 0x44 (size before relaxing)
 .comment       0x00000043        0x0 ./Drivers/STM32H7xx_HAL_Driver/Src/stm32h7xx_hal_cortex.o
                                 0x44 (size before relaxing)
 .comment       0x00000043        0x0 ./Drivers/STM32H7xx_HAL_Driver/Src/stm32h7xx_hal_gpio.o
                                 0x44 (size before relaxing)
 .comment       0x00000043        0x0 ./Drivers/STM32H7xx_HAL_Driver/Src/stm32h7xx_hal_pwr_ex.o
                                 0x44 (size before relaxing)
 .comment       0x00000043        0x0 ./Drivers/STM32H7xx_HAL_Driver/Src/stm32h7xx_hal_rcc.o
                                 0x44 (size before relaxing)
 .comment       0x00000043        0x0 ./Drivers/STM32H7xx_HAL_Driver/Src/stm32h7xx_hal_tim.o
                                 0x44 (size before relaxing)
 .comment       0x00000043        0x0 ./Drivers/STM32H7xx_HAL_Driver/Src/stm32h7xx_hal_tim_ex.o
                                 0x44 (size before relaxing)

.debug_frame    0x00000000       0x4c
 .debug_frame   0x00000000       0x20 /home/thchzh/st/stm32cubeide_2.0.0/plugins/com.st.stm32cube.ide.mcu.externaltools.gnu-tools-for-stm32.13.3.rel1.linux64_1.0.100.202509120712/tools/bin/../lib/gcc/arm-none-eabi/13.3.1/../../../../arm-none-eabi/lib/thumb/v7e-m+dp/hard/libc_nano.a(libc_a-memset.o)
 .debug_frame   0x00000020       0x2c /home/thchzh/st/stm32cubeide_2.0.0/plugins/com.st.stm32cube.ide.mcu.externaltools.gnu-tools-for-stm32.13.3.rel1.linux64_1.0.100.202509120712/tools/bin/../lib/gcc/arm-none-eabi/13.3.1/../../../../arm-none-eabi/lib/thumb/v7e-m+dp/hard/libc_nano.a(libc_a-init.o)
