Archive member included to satisfy reference by file (symbol)

/home/thchzh/st/stm32cubeide_2.0.0/plugins/com.st.stm32cube.ide.mcu.externaltools.gnu-tools-for-stm32.13.3.rel1.linux64_1.0.100.202509120712/tools/bin/../lib/gcc/arm-none-eabi/13.3.1/../../../../arm-none-eabi/lib/thumb/v7e-m+dp/hard/libc_nano.a(libc_a-exit.o)
                              /home/thchzh/st/stm32cubeide_2.0.0/plugins/com.st.stm32cube.ide.mcu.externaltools.gnu-tools-for-stm32.13.3.rel1.linux64_1.0.100.202509120712/tools/bin/../lib/gcc/arm-none-eabi/13.3.1/../../../../arm-none-eabi/lib/thumb/v7e-m+dp/hard/crt0.o (exit)
/home/thchzh/st/stm32cubeide_2.0.0/plugins/com.st.stm32cube.ide.mcu.externaltools.gnu-tools-for-stm32.13.3.rel1.linux64_1.0.100.202509120712/tools/bin/../lib/gcc/arm-none-eabi/13.3.1/../../../../arm-none-eabi/lib/thumb/v7e-m+dp/hard/libc_nano.a(libc_a-findfp.o)
                              /home/thchzh/st/stm32cubeide_2.0.0/plugins/com.st.stm32cube.ide.mcu.externaltools.gnu-tools-for-stm32.13.3.rel1.linux64_1.0.100.202509120712/tools/bin/../lib/gcc/arm-none-eabi/13.3.1/../../../../arm-none-eabi/lib/thumb/v7e-m+dp/hard/libc_nano.a(libc_a-exit.o) (__stdio_exit_handler)
/home/thchzh/st/stm32cubeide_2.0.0/plugins/com.st.stm32cube.ide.mcu.externaltools.gnu-tools-for-stm32.13.3.rel1.linux64_1.0.100.202509120712/tools/bin/../lib/gcc/arm-none-eabi/13.3.1/../../../../arm-none-eabi/lib/thumb/v7e-m+dp/hard/libc_nano.a(libc_a-fwalk.o)
                              /home/thchzh/st/stm32cubeide_2.0.0/plugins/com.st.stm32cube.ide.mcu.externaltools.gnu-tools-for-stm32.13.3.rel1.linux64_1.0.100.202509120712/tools/bin/../lib/gcc/arm-none-eabi/13.3.1/../../../../arm-none-eabi/lib/thumb/v7e-m+dp/hard/libc_nano.a(libc_a-findfp.o) (_fwalk_sglue)
/home/thchzh/st/stm32cubeide_2.0.0/plugins/com.st.stm32cube.ide.mcu.externaltools.gnu-tools-for-stm32.13.3.rel1.linux64_1.0.100.202509120712/tools/bin/../lib/gcc/arm-none-eabi/13.3.1/../../../../arm-none-eabi/lib/thumb/v7e-m+dp/hard/libc_nano.a(libc_a-stdio.o)
                              /home/thchzh/st/stm32cubeide_2.0.0/plugins/com.st.stm32cube.ide.mcu.externaltools.gnu-tools-for-stm32.13.3.rel1.linux64_1.0.100.202509120712/tools/bin/../lib/gcc/arm-none-eabi/13.3.1/../../../../arm-none-eabi/lib/thumb/v7e-m+dp/hard/libc_nano.a(libc_a-findfp.o) (__sread)
/home/thchzh/st/stm32cubeide_2.0.0/plugins/com.st.stm32cube.ide.mcu.externaltools.gnu-tools-for-stm32.13.3.rel1.linux64_1.0.100.202509120712/tools/bin/../lib/gcc/arm-none-eabi/13.3.1/../../../../arm-none-eabi/lib/thumb/v7e-m+dp/hard/libc_nano.a(libc_a-memset.o)
                              /home/thchzh/st/stm32cubeide_2.0.0/plugins/com.st.stm32cube.ide.mcu.externaltools.gnu-tools-for-stm32.13.3.rel1.linux64_1.0.100.202509120712/tools/bin/../lib/gcc/arm-none-eabi/13.3.1/../../../../arm-none-eabi/lib/thumb/v7e-m+dp/hard/crt0.o (memset)
/home/thchzh/st/stm32cubeide_2.0.0/plugins/com.st.stm32cube.ide.mcu.externaltools.gnu-tools-for-stm32.13.3.rel1.linux64_1.0.100.202509120712/tools/bin/../lib/gcc/arm-none-eabi/13.3.1/../../../../arm-none-eabi/lib/thumb/v7e-m+dp/hard/libc_nano.a(libc_a-closer.o)
                              /home/thchzh/st/stm32cubeide_2.0.0/plugins/com.st.stm32cube.ide.mcu.externaltools.gnu-tools-for-stm32.13.3.rel1.linux64_1.0.100.202509120712/tools/bin/../lib/gcc/arm-none-eabi/13.3.1/../../../../arm-none-eabi/lib/thumb/v7e-m+dp/hard/libc_nano.a(libc_a-stdio.o) (_close_r)
/home/thchzh/st/stm32cubeide_2.0.0/plugins/com.st.stm32cube.ide.mcu.externaltools.gnu-tools-for-stm32.13.3.rel1.linux64_1.0.100.202509120712/tools/bin/../lib/gcc/arm-none-eabi/13.3.1/../../../../arm-none-eabi/lib/thumb/v7e-m+dp/hard/libc_nano.a(libc_a-reent.o)
                              /home/thchzh/st/stm32cubeide_2.0.0/plugins/com.st.stm32cube.ide.mcu.externaltools.gnu-tools-for-stm32.13.3.rel1.linux64_1.0.100.202509120712/tools/bin/../lib/gcc/arm-none-eabi/13.3.1/../../../../arm-none-eabi/lib/thumb/v7e-m+dp/hard/libc_nano.a(libc_a-closer.o) (errno)
/home/thchzh/st/stm32cubeide_2.0.0/plugins/com.st.stm32cube.ide.mcu.externaltools.gnu-tools-for-stm32.13.3.rel1.linux64_1.0.100.202509120712/tools/bin/../lib/gcc/arm-none-eabi/13.3.1/../../../../arm-none-eabi/lib/thumb/v7e-m+dp/hard/libc_nano.a(libc_a-impure.o)
                              /home/thchzh/st/stm32cubeide_2.0.0/plugins/com.st.stm32cube.ide.mcu.externaltools.gnu-tools-for-stm32.13.3.rel1.linux64_1.0.100.202509120712/tools/bin/../lib/gcc/arm-none-eabi/13.3.1/../../../../arm-none-eabi/lib/thumb/v7e-m+dp/hard/libc_nano.a(libc_a-reent.o) (_impure_ptr)
/home/thchzh/st/stm32cubeide_2.0.0/plugins/com.st.stm32cube.ide.mcu.externaltools.gnu-tools-for-stm32.13.3.rel1.linux64_1.0.100.202509120712/tools/bin/../lib/gcc/arm-none-eabi/13.3.1/../../../../arm-none-eabi/lib/thumb/v7e-m+dp/hard/libc_nano.a(libc_a-lseekr.o)
[...]
Memory Configuration

Name             Origin             Length             Attributes
FLASH            0x08000000         0x00200000         xr
DTCMRAM          0x20000000         0x00020000         xrw
RAM_D1           0x24000000         0x00080000         xrw
RAM_D2           0x30000000         0x00048000         xrw
RAM_D3           0x38000000         0x00010000         xrw
ITCMRAM          0x00000000         0x00010000         xrw
*default*        0x00000000         0xffffffff

Linker script and memory map

LOAD /home/thchzh/st/stm32cubeide_2.0.0/plugins/com.st.stm32cube.ide.mcu.externaltools.gnu-tools-for-stm32.13.3.rel1.linux64_1.0.100.202509120712/tools/bin/../lib/gcc/arm-none-eabi/13.3.1/thumb/v7e-m+dp/hard/crti.o
LOAD /home/thchzh/st/stm32cubeide_2.0.0/plugins/com.st.stm32cube.ide.mcu.externaltools.gnu-tools-for-stm32.13.3.rel1.linux64_1.0.100.202509120712/tools/bin/../lib/gcc/arm-none-eabi/13.3.1/thumb/v7e-m+dp/hard/crtbegin.o
LOAD /home/thchzh/st/stm32cubeide_2.0.0/plugins/com.st.stm32cube.ide.mcu.externaltools.gnu-tools-for-stm32.13.3.rel1.linux64_1.0.100.202509120712/tools/bin/../lib/gcc/arm-none-eabi/13.3.1/../../../../arm-none-eabi/lib/thumb/v7e-m+dp/hard/crt0.o
LOAD ./Core/Src/main.o
LOAD ./Core/Src/stm32h7xx_hal_msp.o
LOAD ./Core/Src/stm32h7xx_it.o
LOAD ./Core/Src/syscalls.o
LOAD ./Core/Src/sysmem.o
LOAD ./Core/Src/system_stm32h7xx.o
LOAD ./Core/Startup/startup_stm32h753zitx.o
LOAD ./Drivers/STM32H7xx_HAL_Driver/Src/stm32h7xx_hal.o
LOAD ./Drivers/STM32H7xx_HAL_Driver/Src/stm32h7xx_hal_cortex.o
LOAD ./Drivers/STM32H7xx_HAL_Driver/Src/stm32h7xx_hal_dma.o
LOAD ./Drivers/STM32H7xx_HAL_Driver/Src/stm32h7xx_hal_dma_ex.o
LOAD ./Drivers/STM32H7xx_HAL_Driver/Src/stm32h7xx_hal_exti.o
LOAD ./Drivers/STM32H7xx_HAL_Driver/Src/stm32h7xx_hal_flash.o
LOAD ./Drivers/STM32H7xx_HAL_Driver/Src/stm32h7xx_hal_flash_ex.o
LOAD ./Drivers/STM32H7xx_HAL_Driver/Src/stm32h7xx_hal_gpio.o
LOAD ./Drivers/STM32H7xx_HAL_Driver/Src/stm32h7xx_hal_hsem.o
LOAD ./Drivers/STM32H7xx_HAL_Driver/Src/stm32h7xx_hal_i2c.o
LOAD ./Drivers/STM32H7xx_HAL_Driver/Src/stm32h7xx_hal_i2c_ex.o
LOAD ./Drivers/STM32H7xx_HAL_Driver/Src/stm32h7xx_hal_mdma.o
LOAD ./Drivers/STM32H7xx_HAL_Driver/Src/stm32h7xx_hal_pwr.o
LOAD ./Drivers/STM32H7xx_HAL_Driver/Src/stm32h7xx_hal_pwr_ex.o
LOAD ./Drivers/STM32H7xx_HAL_Driver/Src/stm32h7xx_hal_rcc.o
LOAD ./Drivers/STM32H7xx_HAL_Driver/Src/stm32h7xx_hal_rcc_ex.o
LOAD ./Drivers/STM32H7xx_HAL_Driver/Src/stm32h7xx_hal_tim.o
LOAD ./Drivers/STM32H7xx_HAL_Driver/Src/stm32h7xx_hal_tim_ex.o
START GROUP
LOAD /home/thchzh/st/stm32cubeide_2.0.0/plugins/com.st.stm32cube.ide.mcu.externaltools.gnu-tools-for-stm32.13.3.rel1.linux64_1.0.100.202509120712/tools/bin/../lib/gcc/arm-none-eabi/13.3.1/../../../../arm-none-eabi/lib/thumb/v7e-m+dp/hard/libc_nano.a
LOAD /home/thchzh/st/stm32cubeide_2.0.0/plugins/com.st.stm32cube.ide.mcu.externaltools.gnu-tools-for-stm32.13.3.rel1.linux64_1.0.100.202509120712/tools/bin/../lib/gcc/arm-none-eabi/13.3.1/../../../../arm-none-eabi/lib/thumb/v7e-m+dp/hard/libm.a
END GROUP
START GROUP
LOAD /home/thchzh/st/stm32cubeide_2.0.0/plugins/com.st.stm32cube.ide.mcu.externaltools.gnu-tools-for-stm32.13.3.rel1.linux64_1.0.100.202509120712/tools/bin/../lib/gcc/arm-none-eabi/13.3.1/thumb/v7e-m+dp/hard/libgcc.a
LOAD /home/thchzh/st/stm32cubeide_2.0.0/plugins/com.st.stm32cube.ide.mcu.externaltools.gnu-tools-for-stm32.13.3.rel1.linux64_1.0.100.202509120712/tools/bin/../lib/gcc/arm-none-eabi/13.3.1/../../../../arm-none-eabi/lib/thumb/v7e-m+dp/hard/libc_nano.a
END GROUP
START GROUP
LOAD /home/thchzh/st/stm32cubeide_2.0.0/plugins/com.st.stm32cube.ide.mcu.externaltools.gnu-tools-for-stm32.13.3.rel1.linux64_1.0.100.202509120712/tools/bin/../lib/gcc/arm-none-eabi/13.3.1/thumb/v7e-m+dp/hard/libgcc.a
LOAD /home/thchzh/st/stm32cubeide_2.0.0/plugins/com.st.stm32cube.ide.mcu.externaltools.gnu-tools-for-stm32.13.3.rel1.linux64_1.0.100.202509120712/tools/bin/../lib/gcc/arm-none-eabi/13.3.1/../../../../arm-none-eabi/lib/thumb/v7e-m+dp/hard/libc_nano.a
LOAD /home/thchzh/st/stm32cubeide_2.0.0/plugins/com.st.stm32cube.ide.mcu.externaltools.gnu-tools-for-stm32.13.3.rel1.linux64_1.0.100.202509120712/tools/bin/../lib/gcc/arm-none-eabi/13.3.1/../../../../arm-none-eabi/lib/thumb/v7e-m+dp/hard/libnosys.a
END GROUP
START GROUP
LOAD /home/thchzh/st/stm32cubeide_2.0.0/plugins/com.st.stm32cube.ide.mcu.externaltools.gnu-tools-for-stm32.13.3.rel1.linux64_1.0.100.202509120712/tools/bin/../lib/gcc/arm-none-eabi/13.3.1/thumb/v7e-m+dp/hard/libgcc.a
LOAD /home/thchzh/st/stm32cubeide_2.0.0/plugins/com.st.stm32cube.ide.mcu.externaltools.gnu-tools-for-stm32.13.3.rel1.linux64_1.0.100.202509120712/tools/bin/../lib/gcc/arm-none-eabi/13.3.1/../../../../arm-none-eabi/lib/thumb/v7e-m+dp/hard/libc_nano.a
LOAD /home/thchzh/st/stm32cubeide_2.0.0/plugins/com.st.stm32cube.ide.mcu.externaltools.gnu-tools-for-stm32.13.3.rel1.linux64_1.0.100.202509120712/tools/bin/../lib/gcc/arm-none-eabi/13.3.1/../../../../arm-none-eabi/lib/thumb/v7e-m+dp/hard/libnosys.a
END GROUP
LOAD /home/thchzh/st/stm32cubeide_2.0.0/plugins/com.st.stm32cube.ide.mcu.externaltools.gnu-tools-for-stm32.13.3.rel1.linux64_1.0.100.202509120712/tools/bin/../lib/gcc/arm-none-eabi/13.3.1/thumb/v7e-m+dp/hard/crtend.o
LOAD /home/thchzh/st/stm32cubeide_2.0.0/plugins/com.st.stm32cube.ide.mcu.externaltools.gnu-tools-for-stm32.13.3.rel1.linux64_1.0.100.202509120712/tools/bin/../lib/gcc/arm-none-eabi/13.3.1/thumb/v7e-m+dp/hard/crtn.o
                0x24080000                        _estack = (ORIGIN (RAM_D1) + LENGTH (RAM_D1))
                0x00000200                        _Min_Heap_Size = 0x200
                0x00000400                        _Min_Stack_Size = 0x400

.isr_vector     0x08000000      0x298
                0x08000000                        . = ALIGN (0x4)
 *(.isr_vector)
 .isr_vector    0x08000000      0x298 ./Core/Startup/startup_stm32h753zitx.o
                0x08000000                g_pfnVectors
                0x08000298                        . = ALIGN (0x4)

.text           0x08000298     0x2fc0
                0x08000298                        . = ALIGN (0x4)
 *(.text)
 .text          0x08000298       0x40 /home/thchzh/st/stm32cubeide_2.0.0/plugins/com.st.stm32cube.ide.mcu.externaltools.gnu-tools-for-stm32.13.3.rel1.linux64_1.0.100.202509120712/tools/bin/../lib/gcc/arm-none-eabi/13.3.1/thumb/v7e-m+dp/hard/crtbegin.o
 *(.text*)
 .text.main     0x080002d8       0x28 ./Core/Src/main.o
                0x080002d8                main
 .text.SystemClock_Config
                0x08000300       0xd4 ./Core/Src/main.o
                0x08000300                SystemClock_Config
 .text.MX_TIM1_Init
                0x080003d4      0x158 ./Core/Src/main.o
 .text.MX_GPIO_Init
                0x0800052c       0x34 ./Core/Src/main.o
 .text.MPU_Config
                0x08000560       0x58 ./Core/Src/main.o
 .text.Error_Handler
                0x080005b8        0xc ./Core/Src/main.o
                0x080005b8                Error_Handler
 .text.HAL_MspInit
                0x080005c4       0x34 ./Core/Src/stm32h7xx_hal_msp.o
                0x080005c4                HAL_MspInit
 .text.HAL_TIM_Base_MspInit
                0x080005f8       0x44 ./Core/Src/stm32h7xx_hal_msp.o
                0x080005f8                HAL_TIM_Base_MspInit
 .text.HAL_TIM_MspPostInit
                0x0800063c       0x78 ./Core/Src/stm32h7xx_hal_msp.o
                0x0800063c                HAL_TIM_MspPostInit
 .text.NMI_Handler
                0x080006b4        0x8 ./Core/Src/stm32h7xx_it.o
                0x080006b4                NMI_Handler
 .text.HardFault_Handler
                0x080006bc        0x8 ./Core/Src/stm32h7xx_it.o
                0x080006bc                HardFault_Handler
 .text.MemManage_Handler
                0x080006c4        0x8 ./Core/Src/stm32h7xx_it.o
                0x080006c4                MemManage_Handler
 .text.BusFault_Handler
                0x080006cc        0x8 ./Core/Src/stm32h7xx_it.o
                0x080006cc                BusFault_Handler
 .text.UsageFault_Handler
                0x080006d4        0x8 ./Core/Src/stm32h7xx_it.o
                0x080006d4                UsageFault_Handler
 .text.SVC_Handler
                0x080006dc        0xe ./Core/Src/stm32h7xx_it.o
                0x080006dc                SVC_Handler
 .text.DebugMon_Handler
                0x080006ea        0xe ./Core/Src/stm32h7xx_it.o
                0x080006ea                DebugMon_Handler
 .text.PendSV_Handler
                0x080006f8        0xe ./Core/Src/stm32h7xx_it.o
                0x080006f8                PendSV_Handler
 .text.SysTick_Handler
                0x08000706        0xc ./Core/Src/stm32h7xx_it.o
                0x08000706                SysTick_Handler
 *fill*         0x08000712        0x2
 .text.SystemInit
                0x08000714      0x140 ./Core/Src/system_stm32h7xx.o
                0x08000714                SystemInit
 .text.ExitRun0Mode
                0x08000854       0x30 ./Core/Src/system_stm32h7xx.o
                0x08000854                ExitRun0Mode
 .text.Reset_Handler
                0x08000884       0x54 ./Core/Startup/startup_stm32h753zitx.o
                0x08000884                Reset_Handler
 .text.Default_Handler
                0x080008d8        0x2 ./Core/Startup/startup_stm32h753zitx.o
                0x080008d8                RTC_Alarm_IRQHandler
                0x080008d8                HASH_RNG_IRQHandler
                0x080008d8                EXTI2_IRQHandler
                0x080008d8                TIM8_CC_IRQHandler
                0x080008d8                HRTIM1_Master_IRQHandler
                0x080008d8                UART8_IRQHandler
                0x080008d8                SPI4_IRQHandler
                0x080008d8                TIM1_CC_IRQHandler
                0x080008d8                BDMA_Channel6_IRQHandler
                0x080008d8                DMA2_Stream5_IRQHandler
                0x080008d8                HRTIM1_FLT_IRQHandler
                0x080008d8                JPEG_IRQHandler
                0x080008d8                DMA1_Stream5_IRQHandler
                0x080008d8                BDMA_Channel1_IRQHandler
                0x080008d8                HRTIM1_TIMD_IRQHandler
                0x080008d8                TAMP_STAMP_IRQHandler
                0x080008d8                EXTI3_IRQHandler
                0x080008d8                LPTIM4_IRQHandler
                0x080008d8                TIM8_TRG_COM_TIM14_IRQHandler
                0x080008d8                LPTIM2_IRQHandler
                0x080008d8                DFSDM1_FLT1_IRQHandler
                0x080008d8                DMAMUX2_OVR_IRQHandler
                0x080008d8                TIM8_UP_TIM13_IRQHandler
                0x080008d8                I2C3_ER_IRQHandler
                0x080008d8                DFSDM1_FLT2_IRQHandler
                0x080008d8                MDMA_IRQHandler
                0x080008d8                LPTIM3_IRQHandler
                0x080008d8                HSEM1_IRQHandler
                0x080008d8                EXTI0_IRQHandler
                0x080008d8                I2C2_EV_IRQHandler
                0x080008d8                DMA1_Stream2_IRQHandler
                0x080008d8                FPU_IRQHandler
                0x080008d8                OTG_HS_WKUP_IRQHandler
                0x080008d8                FDCAN1_IT1_IRQHandler
                0x080008d8                LTDC_ER_IRQHandler
                0x080008d8                DMA2_Stream2_IRQHandler
                0x080008d8                HRTIM1_TIME_IRQHandler
                0x080008d8                SPI1_IRQHandler
                0x080008d8                TIM6_DAC_IRQHandler
                0x080008d8                DCMI_IRQHandler
                0x080008d8                HRTIM1_TIMC_IRQHandler
                0x080008d8                DMA2_Stream3_IRQHandler
                0x080008d8                SAI2_IRQHandler
                0x080008d8                DFSDM1_FLT3_IRQHandler
                0x080008d8                USART6_IRQHandler
                0x080008d8                TIM17_IRQHandler
                0x080008d8                USART3_IRQHandler
                0x080008d8                BDMA_Channel7_IRQHandler
                0x080008d8                CRYP_IRQHandler
                0x080008d8                LPTIM5_IRQHandler
                0x080008d8                UART5_IRQHandler
                0x080008d8                ADC3_IRQHandler
                0x080008d8                DMA2_Stream0_IRQHandler
                0x080008d8                TIM4_IRQHandler
                0x080008d8                BDMA_Channel2_IRQHandler
                0x080008d8                QUADSPI_IRQHandler
                0x080008d8                I2C1_EV_IRQHandler
                0x080008d8                DMA1_Stream6_IRQHandler
                0x080008d8                DMAMUX1_OVR_IRQHandler
                0x080008d8                DMA1_Stream1_IRQHandler
                0x080008d8                TIM16_IRQHandler
                0x080008d8                UART4_IRQHandler
                0x080008d8                BDMA_Channel5_IRQHandler
                0x080008d8                TIM3_IRQHandler
                0x080008d8                RCC_IRQHandler
                0x080008d8                TIM8_BRK_TIM12_IRQHandler
                0x080008d8                TIM1_TRG_COM_IRQHandler
                0x080008d8                Default_Handler
                0x080008d8                ECC_IRQHandler
                0x080008d8                CEC_IRQHandler
                0x080008d8                EXTI15_10_IRQHandler
                0x080008d8                BDMA_Channel0_IRQHandler
                0x080008d8                ADC_IRQHandler
                0x080008d8                DMA1_Stream7_IRQHandler
                0x080008d8                HRTIM1_TIMA_IRQHandler
                0x080008d8                SPI5_IRQHandler
                0x080008d8                TIM7_IRQHandler
                0x080008d8                SDMMC1_IRQHandler
                0x080008d8                TIM5_IRQHandler
                0x080008d8                DMA2_Stream7_IRQHandler
                0x080008d8                TIM15_IRQHandler
                0x080008d8                PVD_AVD_IRQHandler
                0x080008d8                I2C3_EV_IRQHandler
                0x080008d8                EXTI9_5_IRQHandler
                0x080008d8                RTC_WKUP_IRQHandler
                0x080008d8                LTDC_IRQHandler
                0x080008d8                SAI3_IRQHandler
                0x080008d8                ETH_WKUP_IRQHandler
                0x080008d8                SPDIF_RX_IRQHandler
                0x080008d8                SPI2_IRQHandler
                0x080008d8                OTG_HS_EP1_IN_IRQHandler
                0x080008d8                DMA1_Stream0_IRQHandler
                0x080008d8                CRS_IRQHandler
                0x080008d8                EXTI4_IRQHandler
                0x080008d8                HRTIM1_TIMB_IRQHandler
                0x080008d8                FDCAN2_IT1_IRQHandler
                0x080008d8                ETH_IRQHandler
                0x080008d8                TIM1_UP_IRQHandler
                0x080008d8                BDMA_Channel4_IRQHandler
                0x080008d8                OTG_HS_EP1_OUT_IRQHandler
                0x080008d8                WWDG_IRQHandler
                0x080008d8                SPI6_IRQHandler
                0x080008d8                MDIOS_IRQHandler
                0x080008d8                I2C4_EV_IRQHandler
                0x080008d8                FDCAN2_IT0_IRQHandler
                0x080008d8                LPUART1_IRQHandler
                0x080008d8                FDCAN1_IT0_IRQHandler
                0x080008d8                TIM2_IRQHandler
                0x080008d8                OTG_FS_WKUP_IRQHandler
                0x080008d8                OTG_HS_IRQHandler
                0x080008d8                DMA2D_IRQHandler
                0x080008d8                TIM1_BRK_IRQHandler
                0x080008d8                EXTI1_IRQHandler
                0x080008d8                SDMMC2_IRQHandler
                0x080008d8                OTG_FS_EP1_OUT_IRQHandler
                0x080008d8                BDMA_Channel3_IRQHandler
                0x080008d8                UART7_IRQHandler
                0x080008d8                MDIOS_WKUP_IRQHandler
                0x080008d8                USART2_IRQHandler
                0x080008d8                DFSDM1_FLT0_IRQHandler
                0x080008d8                SAI4_IRQHandler
                0x080008d8                I2C2_ER_IRQHandler
                0x080008d8                DMA2_Stream1_IRQHandler
                0x080008d8                FLASH_IRQHandler
                0x080008d8                DMA2_Stream4_IRQHandler
                0x080008d8                USART1_IRQHandler
                0x080008d8                OTG_FS_IRQHandler
                0x080008d8                SPI3_IRQHandler
                0x080008d8                WAKEUP_PIN_IRQHandler
                0x080008d8                DMA1_Stream4_IRQHandler
                0x080008d8                OTG_FS_EP1_IN_IRQHandler
                0x080008d8                I2C1_ER_IRQHandler
                0x080008d8                FMC_IRQHandler
                0x080008d8                FDCAN_CAL_IRQHandler
                0x080008d8                SWPMI1_IRQHandler
                0x080008d8                COMP1_IRQHandler
                0x080008d8                LPTIM1_IRQHandler
                0x080008d8                I2C4_ER_IRQHandler
                0x080008d8                DMA2_Stream6_IRQHandler
                0x080008d8                SAI1_IRQHandler
                0x080008d8                DMA1_Stream3_IRQHandler
 *fill*         0x080008da        0x2
 .text.HAL_Init
                0x080008dc       0x78 ./Drivers/STM32H7xx_HAL_Driver/Src/stm32h7xx_hal.o
                0x080008dc                HAL_Init
 .text.HAL_InitTick
                0x08000954       0x6c ./Drivers/STM32H7xx_HAL_Driver/Src/stm32h7xx_hal.o
                0x08000954                HAL_InitTick
 .text.HAL_IncTick
                0x080009c0       0x28 ./Drivers/STM32H7xx_HAL_Driver/Src/stm32h7xx_hal.o
                0x080009c0                HAL_IncTick
 .text.HAL_GetTick
                0x080009e8       0x18 ./Drivers/STM32H7xx_HAL_Driver/Src/stm32h7xx_hal.o
                0x080009e8                HAL_GetTick
 .text.HAL_GetREVID
                0x08000a00       0x18 ./Drivers/STM32H7xx_HAL_Driver/Src/stm32h7xx_hal.o
                0x08000a00                HAL_GetREVID
 .text.__NVIC_SetPriorityGrouping
                0x08000a18       0x48 ./Drivers/STM32H7xx_HAL_Driver/Src/stm32h7xx_hal_cortex.o
 .text.__NVIC_GetPriorityGrouping
                0x08000a60       0x1c ./Drivers/STM32H7xx_HAL_Driver/Src/stm32h7xx_hal_cortex.o
 .text.__NVIC_SetPriority
                0x08000a7c       0x54 ./Drivers/STM32H7xx_HAL_Driver/Src/stm32h7xx_hal_cortex.o
 .text.NVIC_EncodePriority
                0x08000ad0       0x66 ./Drivers/STM32H7xx_HAL_Driver/Src/stm32h7xx_hal_cortex.o
 *fill*         0x08000b36        0x2
 .text.SysTick_Config
                0x08000b38       0x44 ./Drivers/STM32H7xx_HAL_Driver/Src/stm32h7xx_hal_cortex.o
 .text.HAL_NVIC_SetPriorityGrouping
                0x08000b7c       0x16 ./Drivers/STM32H7xx_HAL_Driver/Src/stm32h7xx_hal_cortex.o
                0x08000b7c                HAL_NVIC_SetPriorityGrouping
 .text.HAL_NVIC_SetPriority
                0x08000b92       0x34 ./Drivers/STM32H7xx_HAL_Driver/Src/stm32h7xx_hal_cortex.o
                0x08000b92                HAL_NVIC_SetPriority
 .text.HAL_SYSTICK_Config
                0x08000bc6       0x18 ./Drivers/STM32H7xx_HAL_Driver/Src/stm32h7xx_hal_cortex.o
                0x08000bc6                HAL_SYSTICK_Config
 *fill*         0x08000bde        0x2
 .text.HAL_MPU_Disable
                0x08000be0       0x30 ./Drivers/STM32H7xx_HAL_Driver/Src/stm32h7xx_hal_cortex.o
                0x08000be0                HAL_MPU_Disable
 .text.HAL_MPU_Enable
                0x08000c10       0x40 ./Drivers/STM32H7xx_HAL_Driver/Src/stm32h7xx_hal_cortex.o
                0x08000c10                HAL_MPU_Enable
 .text.HAL_MPU_ConfigRegion
                0x08000c50       0x80 ./Drivers/STM32H7xx_HAL_Driver/Src/stm32h7xx_hal_cortex.o
                0x08000c50                HAL_MPU_ConfigRegion
 .text.HAL_GPIO_Init
                0x08000cd0      0x360 ./Drivers/STM32H7xx_HAL_Driver/Src/stm32h7xx_hal_gpio.o
                0x08000cd0                HAL_GPIO_Init
 .text.HAL_PWREx_ConfigSupply
                0x08001030       0x74 ./Drivers/STM32H7xx_HAL_Driver/Src/stm32h7xx_hal_pwr_ex.o
                0x08001030                HAL_PWREx_ConfigSupply
 .text.HAL_RCC_OscConfig
                0x080010a4      0x8b4 ./Drivers/STM32H7xx_HAL_Driver/Src/stm32h7xx_hal_rcc.o
                0x080010a4                HAL_RCC_OscConfig
 .text.HAL_RCC_ClockConfig
                0x08001958      0x36c ./Drivers/STM32H7xx_HAL_Driver/Src/stm32h7xx_hal_rcc.o
                0x08001958                HAL_RCC_ClockConfig
 .text.HAL_RCC_GetSysClockFreq
                0x08001cc4      0x2f4 ./Drivers/STM32H7xx_HAL_Driver/Src/stm32h7xx_hal_rcc.o
                0x08001cc4                HAL_RCC_GetSysClockFreq
 .text.HAL_TIM_Base_Init
                0x08001fb8       0xae ./Drivers/STM32H7xx_HAL_Driver/Src/stm32h7xx_hal_tim.o
                0x08001fb8                HAL_TIM_Base_Init
 .text.HAL_TIM_PWM_Init
                0x08002066       0xae ./Drivers/STM32H7xx_HAL_Driver/Src/stm32h7xx_hal_tim.o
                0x08002066                HAL_TIM_PWM_Init
 .text.HAL_TIM_PWM_MspInit
                0x08002114       0x14 ./Drivers/STM32H7xx_HAL_Driver/Src/stm32h7xx_hal_tim.o
                0x08002114                HAL_TIM_PWM_MspInit
 .text.HAL_TIM_PWM_Start
                0x08002128      0x21c ./Drivers/STM32H7xx_HAL_Driver/Src/stm32h7xx_hal_tim.o
                0x08002128                HAL_TIM_PWM_Start
 .text.HAL_TIM_PWM_ConfigChannel
                0x08002344      0x228 ./Drivers/STM32H7xx_HAL_Driver/Src/stm32h7xx_hal_tim.o
                0x08002344                HAL_TIM_PWM_ConfigChannel
 .text.HAL_TIM_ConfigClockSource
                0x0800256c      0x1f0 ./Drivers/STM32H7xx_HAL_Driver/Src/stm32h7xx_hal_tim.o
                0x0800256c                HAL_TIM_ConfigClockSource
 .text.TIM_Base_SetConfig
                0x0800275c      0x140 ./Drivers/STM32H7xx_HAL_Driver/Src/stm32h7xx_hal_tim.o
                0x0800275c                TIM_Base_SetConfig
 .text.TIM_OC1_SetConfig
                0x0800289c      0x120 ./Drivers/STM32H7xx_HAL_Driver/Src/stm32h7xx_hal_tim.o
 .text.TIM_OC2_SetConfig
                0x080029bc      0x114 ./Drivers/STM32H7xx_HAL_Driver/Src/stm32h7xx_hal_tim.o
                0x080029bc                TIM_OC2_SetConfig
 .text.TIM_OC3_SetConfig
                0x08002ad0      0x110 ./Drivers/STM32H7xx_HAL_Driver/Src/stm32h7xx_hal_tim.o
 .text.TIM_OC4_SetConfig
                0x08002be0       0xd4 ./Drivers/STM32H7xx_HAL_Driver/Src/stm32h7xx_hal_tim.o
 .text.TIM_OC5_SetConfig
                0x08002cb4       0xc8 ./Drivers/STM32H7xx_HAL_Driver/Src/stm32h7xx_hal_tim.o
 .text.TIM_OC6_SetConfig
                0x08002d7c       0xcc ./Drivers/STM32H7xx_HAL_Driver/Src/stm32h7xx_hal_tim.o
 .text.TIM_TI1_ConfigInputStage
                0x08002e48       0x5e ./Drivers/STM32H7xx_HAL_Driver/Src/stm32h7xx_hal_tim.o
 .text.TIM_TI2_ConfigInputStage
                0x08002ea6       0x60 ./Drivers/STM32H7xx_HAL_Driver/Src/stm32h7xx_hal_tim.o
 *fill*         0x08002f06        0x2
 .text.TIM_ITRx_SetConfig
                0x08002f08       0x3c ./Drivers/STM32H7xx_HAL_Driver/Src/stm32h7xx_hal_tim.o
 .text.TIM_ETR_SetConfig
                0x08002f44       0x40 ./Drivers/STM32H7xx_HAL_Driver/Src/stm32h7xx_hal_tim.o
                0x08002f44                TIM_ETR_SetConfig
 .text.TIM_CCxChannelCmd
                0x08002f84       0x4a ./Drivers/STM32H7xx_HAL_Driver/Src/stm32h7xx_hal_tim.o
                0x08002f84                TIM_CCxChannelCmd
 *fill*         0x08002fce        0x2
 .text.HAL_TIMEx_MasterConfigSynchronization
                0x08002fd0      0x11c ./Drivers/STM32H7xx_HAL_Driver/Src/stm32h7xx_hal_tim_ex.o
                0x08002fd0                HAL_TIMEx_MasterConfigSynchronization
 .text.HAL_TIMEx_ConfigBreakDeadTime
                0x080030ec       0xfc ./Drivers/STM32H7xx_HAL_Driver/Src/stm32h7xx_hal_tim_ex.o
                0x080030ec                HAL_TIMEx_ConfigBreakDeadTime
 .text.memset   0x080031e8       0x10 /home/thchzh/st/stm32cubeide_2.0.0/plugins/com.st.stm32cube.ide.mcu.externaltools.gnu-tools-for-stm32.13.3.rel1.linux64_1.0.100.202509120712/tools/bin/../lib/gcc/arm-none-eabi/13.3.1/../../../../arm-none-eabi/lib/thumb/v7e-m+dp/hard/libc_nano.a(libc_a-memset.o)
                0x080031e8                memset
 .text.__libc_init_array
                0x080031f8       0x48 /home/thchzh/st/stm32cubeide_2.0.0/plugins/com.st.stm32cube.ide.mcu.externaltools.gnu-tools-for-stm32.13.3.rel1.linux64_1.0.100.202509120712/tools/bin/../lib/gcc/arm-none-eabi/13.3.1/../../../../arm-none-eabi/lib/thumb/v7e-m+dp/hard/libc_nano.a(libc_a-init.o)
                0x080031f8                __libc_init_array
 *(.glue_7)
 .glue_7        0x08003240        0x0 linker stubs
 *(.glue_7t)
 .glue_7t       0x08003240        0x0 linker stubs
 *(.eh_frame)
 .eh_frame      0x08003240        0x0 /home/thchzh/st/stm32cubeide_2.0.0/plugins/com.st.stm32cube.ide.mcu.externaltools.gnu-tools-for-stm32.13.3.rel1.linux64_1.0.100.202509120712/tools/bin/../lib/gcc/arm-none-eabi/13.3.1/thumb/v7e-m+dp/hard/crtbegin.o
 *(.init)
 .init          0x08003240        0x4 /home/thchzh/st/stm32cubeide_2.0.0/plugins/com.st.stm32cube.ide.mcu.externaltools.gnu-tools-for-stm32.13.3.rel1.linux64_1.0.100.202509120712/tools/bin/../lib/gcc/arm-none-eabi/13.3.1/thumb/v7e-m+dp/hard/crti.o
                0x08003240                _init
 .init          0x08003244        0x8 /home/thchzh/st/stm32cubeide_2.0.0/plugins/com.st.stm32cube.ide.mcu.externaltools.gnu-tools-for-stm32.13.3.rel1.linux64_1.0.100.202509120712/tools/bin/../lib/gcc/arm-none-eabi/13.3.1/thumb/v7e-m+dp/hard/crtn.o
 *(.fini)
 .fini          0x0800324c        0x4 /home/thchzh/st/stm32cubeide_2.0.0/plugins/com.st.stm32cube.ide.mcu.externaltools.gnu-tools-for-stm32.13.3.rel1.linux64_1.0.100.202509120712/tools/bin/../lib/gcc/arm-none-eabi/13.3.1/thumb/v7e-m+dp/hard/crti.o
                0x0800324c                _fini
 .fini          0x08003250        0x8 /home/thchzh/st/stm32cubeide_2.0.0/plugins/com.st.stm32cube.ide.mcu.externaltools.gnu-tools-for-stm32.13.3.rel1.linux64_1.0.100.202509120712/tools/bin/../lib/gcc/arm-none-eabi/13.3.1/thumb/v7e-m+dp/hard/crtn.o
                0x08003258                        . = ALIGN (0x4)
                0x08003258                        _etext = .

.vfp11_veneer   0x08003258        0x0
 .vfp11_veneer  0x08003258        0x0 linker stubs

.v4_bx          0x08003258        0x0
 .v4_bx         0x08003258        0x0 linker stubs

.iplt           0x08003258        0x0
 .iplt          0x08003258        0x0 /home/thchzh/st/stm32cubeide_2.0.0/plugins/com.st.stm32cube.ide.mcu.externaltools.gnu-tools-for-stm32.13.3.rel1.linux64_1.0.100.202509120712/tools/bin/../lib/gcc/arm-none-eabi/13.3.1/thumb/v7e-m+dp/hard/crtbegin.o

.rodata         0x08003258       0x10
                0x08003258                        . = ALIGN (0x4)
 *(.rodata)
 *(.rodata*)
 .rodata.D1CorePrescTable
                0x08003258       0x10 ./Core/Src/system_stm32h7xx.o
                0x08003258                D1CorePrescTable
                0x08003268                        . = ALIGN (0x4)

.ARM.extab
 *(.ARM.extab* .gnu.linkonce.armextab.*)

.ARM            0x08003268        0x0
                0x08003268                        __exidx_start = .
 *(.ARM.exidx*)
                0x08003268                        __exidx_end = .

.preinit_array  0x08003268        0x0
                0x08003268                        PROVIDE (__preinit_array_start = .)
 *(.preinit_array*)
                0x08003268                        PROVIDE (__preinit_array_end = .)

.init_array     0x08003268        0x4
                0x08003268                        PROVIDE (__init_array_start = .)
 *(SORT_BY_NAME(.init_array.*))
 *(.init_array*)
 .init_array    0x08003268        0x4 /home/thchzh/st/stm32cubeide_2.0.0/plugins/com.st.stm32cube.ide.mcu.externaltools.gnu-tools-for-stm32.13.3.rel1.linux64_1.0.100.202509120712/tools/bin/../lib/gcc/arm-none-eabi/13.3.1/thumb/v7e-m+dp/hard/crtbegin.o
                0x0800326c                        PROVIDE (__init_array_end = .)

.fini_array     0x0800326c        0x4
                [!provide]                        PROVIDE (__fini_array_start = .)
 *(SORT_BY_NAME(.fini_array.*))
 *(.fini_array*)
 .fini_array    0x0800326c        0x4 /home/thchzh/st/stm32cubeide_2.0.0/plugins/com.st.stm32cube.ide.mcu.externaltools.gnu-tools-for-stm32.13.3.rel1.linux64_1.0.100.202509120712/tools/bin/../lib/gcc/arm-none-eabi/13.3.1/thumb/v7e-m+dp/hard/crtbegin.o
                [!provide]                        PROVIDE (__fini_array_end = .)
                0x08003270                        _sidata = LOADADDR (.data)

.rel.dyn        0x08003270        0x0
 .rel.iplt      0x08003270        0x0 /home/thchzh/st/stm32cubeide_2.0.0/plugins/com.st.stm32cube.ide.mcu.externaltools.gnu-tools-for-stm32.13.3.rel1.linux64_1.0.100.202509120712/tools/bin/../lib/gcc/arm-none-eabi/13.3.1/thumb/v7e-m+dp/hard/crtbegin.o

.data           0x24000000       0x10 load address 0x08003270
                0x24000000                        . = ALIGN (0x4)
                0x24000000                        _sdata = .
 *(.data)
 *(.data*)
 .data.SystemCoreClock
                0x24000000        0x4 ./Core/Src/system_stm32h7xx.o
                0x24000000                SystemCoreClock
 .data.SystemD2Clock
                0x24000004        0x4 ./Core/Src/system_stm32h7xx.o
                0x24000004                SystemD2Clock
 .data.uwTickPrio
                0x24000008        0x4 ./Drivers/STM32H7xx_HAL_Driver/Src/stm32h7xx_hal.o
                0x24000008                uwTickPrio
 .data.uwTickFreq
                0x2400000c        0x1 ./Drivers/STM32H7xx_HAL_Driver/Src/stm32h7xx_hal.o
                0x2400000c                uwTickFreq
 *(.RamFunc)
 *(.RamFunc*)
                0x24000010                        . = ALIGN (0x4)
 *fill*         0x2400000d        0x3
                0x24000010                        _edata = .

.igot.plt       0x24000010        0x0 load address 0x08003280
 .igot.plt      0x24000010        0x0 /home/thchzh/st/stm32cubeide_2.0.0/plugins/com.st.stm32cube.ide.mcu.externaltools.gnu-tools-for-stm32.13.3.rel1.linux64_1.0.100.202509120712/tools/bin/../lib/gcc/arm-none-eabi/13.3.1/thumb/v7e-m+dp/hard/crtbegin.o
                0x24000010                        . = ALIGN (0x4)

.bss            0x24000010       0x6c load address 0x08003280
                0x24000010                        _sbss = .
                0x24000010                        __bss_start__ = _sbss
 *(.bss)
 .bss           0x24000010       0x1c /home/thchzh/st/stm32cubeide_2.0.0/plugins/com.st.stm32cube.ide.mcu.externaltools.gnu-tools-for-stm32.13.3.rel1.linux64_1.0.100.202509120712/tools/bin/../lib/gcc/arm-none-eabi/13.3.1/thumb/v7e-m+dp/hard/crtbegin.o
 *(.bss*)
 .bss.htim1     0x2400002c       0x4c ./Core/Src/main.o
                0x2400002c                htim1
 .bss.uwTick    0x24000078        0x4 ./Drivers/STM32H7xx_HAL_Driver/Src/stm32h7xx_hal.o
                0x24000078                uwTick
 *(COMMON)
                0x2400007c                        . = ALIGN (0x4)
                0x2400007c                        _ebss = .
                0x2400007c                        __bss_end__ = _ebss

._user_heap_stack
                0x2400007c      0x604 load address 0x08003280
                0x24000080                        . = ALIGN (0x8)
 *fill*         0x2400007c        0x4
                [!provide]                        PROVIDE (end = .)
                0x24000080                        PROVIDE (_end = .)
                0x24000280                        . = (. + _Min_Heap_Size)
 *fill*         0x24000080      0x200
                0x24000680                        . = (. + _Min_Stack_Size)
 *fill*         0x24000280      0x400
                0x24000680                        . = ALIGN (0x8)

/DISCARD/
 libc.a(*)
 libm.a(*)
 libgcc.a(*)

.ARM.attributes
                0x00000000       0x2e
 *(.ARM.attributes)
 .ARM.attributes
                0x00000000       0x20 /home/thchzh/st/stm32cubeide_2.0.0/plugins/com.st.stm32cube.ide.mcu.externaltools.gnu-tools-for-stm32.13.3.rel1.linux64_1.0.100.202509120712/tools/bin/../lib/gcc/arm-none-eabi/13.3.1/thumb/v7e-m+dp/hard/crti.o
 .ARM.attributes
                0x00000020       0x32 /home/thchzh/st/stm32cubeide_2.0.0/plugins/com.st.stm32cube.ide.mcu.externaltools.gnu-tools-for-stm32.13.3.rel1.linux64_1.0.100.202509120712/tools/bin/../lib/gcc/arm-none-eabi/13.3.1/thumb/v7e-m+dp/hard/crtbegin.o
 .ARM.attributes
                0x00000052       0x32 ./Core/Src/main.o
 .ARM.attributes
                0x00000084       0x32 ./Core/Src/stm32h7xx_hal_msp.o
 .ARM.attributes
                0x000000b6       0x32 ./Core/Src/stm32h7xx_it.o
 .ARM.attributes
                0x000000e8       0x32 ./Core/Src/system_stm32h7xx.o
 .ARM.attributes
                0x0000011a       0x21 ./Core/Startup/startup_stm32h753zitx.o
 .ARM.attributes
                0x0000013b       0x32 ./Drivers/STM32H7xx_HAL_Driver/Src/stm32h7xx_hal.o
 .ARM.attributes
                0x0000016d       0x32 ./Drivers/STM32H7xx_HAL_Driver/Src/stm32h7xx_hal_cortex.o
 .ARM.attributes
                0x0000019f       0x32 ./Drivers/STM32H7xx_HAL_Driver/Src/stm32h7xx_hal_gpio.o
 .ARM.attributes
                0x000001d1       0x32 ./Drivers/STM32H7xx_HAL_Driver/Src/stm32h7xx_hal_pwr_ex.o
 .ARM.attributes
                0x00000203       0x32 ./Drivers/STM32H7xx_HAL_Driver/Src/stm32h7xx_hal_rcc.o
 .ARM.attributes
                0x00000235       0x32 ./Drivers/STM32H7xx_HAL_Driver/Src/stm32h7xx_hal_tim.o
 .ARM.attributes
                0x00000267       0x32 ./Drivers/STM32H7xx_HAL_Driver/Src/stm32h7xx_hal_tim_ex.o
 .ARM.attributes
                0x00000299       0x32 /home/thchzh/st/stm32cubeide_2.0.0/plugins/com.st.stm32cube.ide.mcu.externaltools.gnu-tools-for-stm32.13.3.rel1.linux64_1.0.100.202509120712/tools/bin/../lib/gcc/arm-none-eabi/13.3.1/../../../../arm-none-eabi/lib/thumb/v7e-m+dp/hard/libc_nano.a(libc_a-memset.o)
 .ARM.attributes
                0x000002cb       0x32 /home/thchzh/st/stm32cubeide_2.0.0/plugins/com.st.stm32cube.ide.mcu.externaltools.gnu-tools-for-stm32.13.3.rel1.linux64_1.0.100.202509120712/tools/bin/../lib/gcc/arm-none-eabi/13.3.1/../../../../arm-none-eabi/lib/thumb/v7e-m+dp/hard/libc_nano.a(libc_a-init.o)
 .ARM.attributes
                0x000002fd       0x20 /home/thchzh/st/stm32cubeide_2.0.0/plugins/com.st.stm32cube.ide.mcu.externaltools.gnu-tools-for-stm32.13.3.rel1.linux64_1.0.100.202509120712/tools/bin/../lib/gcc/arm-none-eabi/13.3.1/thumb/v7e-m+dp/hard/crtn.o
OUTPUT(camera_sync.elf elf32-littlearm)
LOAD linker stubs
LOAD /home/thchzh/st/stm32cubeide_2.0.0/plugins/com.st.stm32cube.ide.mcu.externaltools.gnu-tools-for-stm32.13.3.rel1.linux64_1.0.100.202509120712/tools/bin/../lib/gcc/arm-none-eabi/13.3.1/../../../../arm-none-eabi/lib/thumb/v7e-m+dp/hard/libc.a
LOAD /home/thchzh/st/stm32cubeide_2.0.0/plugins/com.st.stm32cube.ide.mcu.externaltools.gnu-tools-for-stm32.13.3.rel1.linux64_1.0.100.202509120712/tools/bin/../lib/gcc/arm-none-eabi/13.3.1/../../../../arm-none-eabi/lib/thumb/v7e-m+dp/hard/libm.a
LOAD /home/thchzh/st/stm32cubeide_2.0.0/plugins/com.st.stm32cube.ide.mcu.externaltools.gnu-tools-for-stm32.13.3.rel1.linux64_1.0.100.202509120712/tools/bin/../lib/gcc/arm-none-eabi/13.3.1/thumb/v7e-m+dp/hard/libgcc.a

.debug_info     0x00000000     0xc56e
 .debug_info    0x00000000     0x14bf ./Core/Src/main.o
 .debug_info    0x000014bf      0xd3e ./Core/Src/stm32h7xx_hal_msp.o
 .debug_info    0x000021fd      0x128 ./Core/Src/stm32h7xx_it.o
 .debug_info    0x00002325      0xdb2 ./Core/Src/system_stm32h7xx.o
 .debug_info    0x000030d7       0x30 ./Core/Startup/startup_stm32h753zitx.o
 .debug_info    0x00003107     0x1541 ./Drivers/STM32H7xx_HAL_Driver/Src/stm32h7xx_hal.o
 .debug_info    0x00004648     0x10b7 ./Drivers/STM32H7xx_HAL_Driver/Src/stm32h7xx_hal_cortex.o
 .debug_info    0x000056ff      0xc5a ./Drivers/STM32H7xx_HAL_Driver/Src/stm32h7xx_hal_gpio.o
 .debug_info    0x00006359     0x1012 ./Drivers/STM32H7xx_HAL_Driver/Src/stm32h7xx_hal_pwr_ex.o
 .debug_info    0x0000736b      0xe6a ./Drivers/STM32H7xx_HAL_Driver/Src/stm32h7xx_hal_rcc.o
 .debug_info    0x000081d5     0x2bae ./Drivers/STM32H7xx_HAL_Driver/Src/stm32h7xx_hal_tim.o
 .debug_info    0x0000ad83     0x17eb ./Drivers/STM32H7xx_HAL_Driver/Src/stm32h7xx_hal_tim_ex.o

.debug_abbrev   0x00000000     0x18f6
 .debug_abbrev  0x00000000      0x2d6 ./Core/Src/main.o
 .debug_abbrev  0x000002d6      0x1eb ./Core/Src/stm32h7xx_hal_msp.o
 .debug_abbrev  0x000004c1       0x73 ./Core/Src/stm32h7xx_it.o
 .debug_abbrev  0x00000534      0x165 ./Core/Src/system_stm32h7xx.o
 .debug_abbrev  0x00000699       0x24 ./Core/Startup/startup_stm32h753zitx.o
 .debug_abbrev  0x000006bd      0x295 ./Drivers/STM32H7xx_HAL_Driver/Src/stm32h7xx_hal.o
 .debug_abbrev  0x00000952      0x339 ./Drivers/STM32H7xx_HAL_Driver/Src/stm32h7xx_hal_cortex.o
 .debug_abbrev  0x00000c8b      0x205 ./Drivers/STM32H7xx_HAL_Driver/Src/stm32h7xx_hal_gpio.o
 .debug_abbrev  0x00000e90      0x2a7 ./Drivers/STM32H7xx_HAL_Driver/Src/stm32h7xx_hal_pwr_ex.o
 .debug_abbrev  0x00001137      0x2c8 ./Drivers/STM32H7xx_HAL_Driver/Src/stm32h7xx_hal_rcc.o
 .debug_abbrev  0x000013ff      0x276 ./Drivers/STM32H7xx_HAL_Driver/Src/stm32h7xx_hal_tim.o
 .debug_abbrev  0x00001675      0x281 ./Drivers/STM32H7xx_HAL_Driver/Src/stm32h7xx_hal_tim_ex.o

.debug_aranges  0x00000000      0xba0
 .debug_aranges
                0x00000000       0x48 ./Core/Src/main.o
 .debug_aranges
                0x00000048       0x38 ./Core/Src/stm32h7xx_hal_msp.o
 .debug_aranges
                0x00000080       0x60 ./Core/Src/stm32h7xx_it.o
 .debug_aranges
                0x000000e0       0x30 ./Core/Src/system_stm32h7xx.o
 .debug_aranges
                0x00000110       0x28 ./Core/Startup/startup_stm32h753zitx.o
 .debug_aranges
                0x00000138      0x198 ./Drivers/STM32H7xx_HAL_Driver/Src/stm32h7xx_hal.o
 .debug_aranges
                0x000002d0      0x130 ./Drivers/STM32H7xx_HAL_Driver/Src/stm32h7xx_hal_cortex.o
 .debug_aranges
                0x00000400       0x58 ./Drivers/STM32H7xx_HAL_Driver/Src/stm32h7xx_hal_gpio.o
 .debug_aranges
                0x00000458      0x158 ./Drivers/STM32H7xx_HAL_Driver/Src/stm32h7xx_hal_pwr_ex.o
 .debug_aranges
                0x000005b0       0x88 ./Drivers/STM32H7xx_HAL_Driver/Src/stm32h7xx_hal_rcc.o
 .debug_aranges
                0x00000638      0x3e0 ./Drivers/STM32H7xx_HAL_Driver/Src/stm32h7xx_hal_tim.o
 .debug_aranges
                0x00000a18      0x188 ./Drivers/STM32H7xx_HAL_Driver/Src/stm32h7xx_hal_tim_ex.o

.debug_rnglists
                0x00000000      0x8f7
 .debug_rnglists
                0x00000000       0x33 ./Core/Src/main.o
 .debug_rnglists
                0x00000033       0x25 ./Core/Src/stm32h7xx_hal_msp.o
 .debug_rnglists
                0x00000058       0x43 ./Core/Src/stm32h7xx_it.o
 .debug_rnglists
                0x0000009b       0x21 ./Core/Src/system_stm32h7xx.o
 .debug_rnglists
                0x000000bc       0x19 ./Core/Startup/startup_stm32h753zitx.o
 .debug_rnglists
                0x000000d5      0x131 ./Drivers/STM32H7xx_HAL_Driver/Src/stm32h7xx_hal.o
 .debug_rnglists
                0x00000206       0xe0 ./Drivers/STM32H7xx_HAL_Driver/Src/stm32h7xx_hal_cortex.o
 .debug_rnglists
                0x000002e6       0x3f ./Drivers/STM32H7xx_HAL_Driver/Src/stm32h7xx_hal_gpio.o
 .debug_rnglists
                0x00000325      0x103 ./Drivers/STM32H7xx_HAL_Driver/Src/stm32h7xx_hal_pwr_ex.o
 .debug_rnglists
                0x00000428       0x68 ./Drivers/STM32H7xx_HAL_Driver/Src/stm32h7xx_hal_rcc.o
 .debug_rnglists
                0x00000490      0x328 ./Drivers/STM32H7xx_HAL_Driver/Src/stm32h7xx_hal_tim.o
 .debug_rnglists
                0x000007b8      0x13f ./Drivers/STM32H7xx_HAL_Driver/Src/stm32h7xx_hal_tim_ex.o

.debug_macro    0x00000000    0x3615f
 .debug_macro   0x00000000      0x29e ./Core/Src/main.o
 .debug_macro   0x0000029e      0xaf6 ./Core/Src/main.o
 .debug_macro   0x00000d94      0x232 ./Core/Src/main.o
 .debug_macro   0x00000fc6       0x2e ./Core/Src/main.o
 .debug_macro   0x00000ff4       0x3b ./Core/Src/main.o
 .debug_macro   0x0000102f       0x22 ./Core/Src/main.o
 .debug_macro   0x00001051       0x8e ./Core/Src/main.o
 .debug_macro   0x000010df       0x51 ./Core/Src/main.o
 .debug_macro   0x00001130      0x103 ./Core/Src/main.o
 .debug_macro   0x00001233       0x6a ./Core/Src/main.o
 .debug_macro   0x0000129d      0x1df ./Core/Src/main.o
 .debug_macro   0x0000147c       0x1c ./Core/Src/main.o
 .debug_macro   0x00001498       0x22 ./Core/Src/main.o
 .debug_macro   0x000014ba       0xfb ./Core/Src/main.o
 .debug_macro   0x000015b5     0x1305 ./Core/Src/main.o
 .debug_macro   0x000028ba      0x11f ./Core/Src/main.o
 .debug_macro   0x000029d9       0x27 ./Core/Src/main.o
 .debug_macro   0x00002a00    0x261cc ./Core/Src/main.o
 .debug_macro   0x00028bcc       0x6d ./Core/Src/main.o
 .debug_macro   0x00028c39     0x3d79 ./Core/Src/main.o
 .debug_macro   0x0002c9b2      0x190 ./Core/Src/main.o
 .debug_macro   0x0002cb42       0x61 ./Core/Src/main.o
 .debug_macro   0x0002cba3       0x29 ./Core/Src/main.o
 .debug_macro   0x0002cbcc       0x43 ./Core/Src/main.o
 .debug_macro   0x0002cc0f       0x34 ./Core/Src/main.o
 .debug_macro   0x0002cc43      0x370 ./Core/Src/main.o
 .debug_macro   0x0002cfb3       0x16 ./Core/Src/main.o
 .debug_macro   0x0002cfc9       0x4a ./Core/Src/main.o
 .debug_macro   0x0002d013       0x34 ./Core/Src/main.o
 .debug_macro   0x0002d047       0x10 ./Core/Src/main.o
 .debug_macro   0x0002d057       0x58 ./Core/Src/main.o
 .debug_macro   0x0002d0af       0x8e ./Core/Src/main.o
 .debug_macro   0x0002d13d       0x1c ./Core/Src/main.o
 .debug_macro   0x0002d159      0x185 ./Core/Src/main.o
 .debug_macro   0x0002d2de      0x19b ./Core/Src/main.o
 .debug_macro   0x0002d479       0x5d ./Core/Src/main.o
 .debug_macro   0x0002d4d6     0x240e ./Core/Src/main.o
 .debug_macro   0x0002f8e4     0x102c ./Core/Src/main.o
 .debug_macro   0x00030910      0x154 ./Core/Src/main.o
 .debug_macro   0x00030a64      0x114 ./Core/Src/main.o
 .debug_macro   0x00030b78      0x3b6 ./Core/Src/main.o
 .debug_macro   0x00030f2e       0xac ./Core/Src/main.o
 .debug_macro   0x00030fda      0x72d ./Core/Src/main.o
 .debug_macro   0x00031707      0x228 ./Core/Src/main.o
 .debug_macro   0x0003192f       0x66 ./Core/Src/main.o
 .debug_macro   0x00031995      0x3bb ./Core/Src/main.o
 .debug_macro   0x00031d50      0x3e4 ./Core/Src/main.o
 .debug_macro   0x00032134      0x275 ./Core/Src/main.o
 .debug_macro   0x000323a9      0x3ca ./Core/Src/main.o
 .debug_macro   0x00032773      0x408 ./Core/Src/main.o
 .debug_macro   0x00032b7b       0x51 ./Core/Src/main.o
 .debug_macro   0x00032bcc       0x4a ./Core/Src/main.o
 .debug_macro   0x00032c16      0x22c ./Core/Src/main.o
 .debug_macro   0x00032e42       0x67 ./Core/Src/main.o
 .debug_macro   0x00032ea9       0xa5 ./Core/Src/main.o
 .debug_macro   0x00032f4e      0x1c4 ./Core/Src/main.o
 .debug_macro   0x00033112      0x25e ./Core/Src/main.o
 .debug_macro   0x00033370       0x35 ./Core/Src/main.o
 .debug_macro   0x000333a5      0xafa ./Core/Src/main.o
 .debug_macro   0x00033e9f      0x29f ./Core/Src/main.o
 .debug_macro   0x0003413e      0x5ac ./Core/Src/main.o
 .debug_macro   0x000346ea      0x29e ./Core/Src/stm32h7xx_hal_msp.o
 .debug_macro   0x00034988      0x2a8 ./Core/Src/stm32h7xx_it.o
 .debug_macro   0x00034c30      0x294 ./Core/Src/system_stm32h7xx.o
 .debug_macro   0x00034ec4      0x2be ./Drivers/STM32H7xx_HAL_Driver/Src/stm32h7xx_hal.o
 .debug_macro   0x00035182      0x294 ./Drivers/STM32H7xx_HAL_Driver/Src/stm32h7xx_hal_cortex.o
 .debug_macro   0x00035416      0x29b ./Drivers/STM32H7xx_HAL_Driver/Src/stm32h7xx_hal_gpio.o
 .debug_macro   0x000356b1      0x2cd ./Drivers/STM32H7xx_HAL_Driver/Src/stm32h7xx_hal_pwr_ex.o
 .debug_macro   0x0003597e      0x2b8 ./Drivers/STM32H7xx_HAL_Driver/Src/stm32h7xx_hal_rcc.o
 .debug_macro   0x00035c36      0x295 ./Drivers/STM32H7xx_HAL_Driver/Src/stm32h7xx_hal_tim.o
 .debug_macro   0x00035ecb      0x294 ./Drivers/STM32H7xx_HAL_Driver/Src/stm32h7xx_hal_tim_ex.o

.debug_line     0x00000000     0xcd38
 .debug_line    0x00000000      0x9ae ./Core/Src/main.o
 .debug_line    0x000009ae      0x870 ./Core/Src/stm32h7xx_hal_msp.o
 .debug_line    0x0000121e      0x8b8 ./Core/Src/stm32h7xx_it.o
 .debug_line    0x00001ad6      0xa08 ./Core/Src/system_stm32h7xx.o
 .debug_line    0x000024de       0x7b ./Core/Startup/startup_stm32h753zitx.o
 .debug_line    0x00002559      0xde1 ./Drivers/STM32H7xx_HAL_Driver/Src/stm32h7xx_hal.o
 .debug_line    0x0000333a      0xdcb ./Drivers/STM32H7xx_HAL_Driver/Src/stm32h7xx_hal_cortex.o
 .debug_line    0x00004105      0xc6a ./Drivers/STM32H7xx_HAL_Driver/Src/stm32h7xx_hal_gpio.o
 .debug_line    0x00004d6f      0xf65 ./Drivers/STM32H7xx_HAL_Driver/Src/stm32h7xx_hal_pwr_ex.o
 .debug_line    0x00005cd4     0x1488 ./Drivers/STM32H7xx_HAL_Driver/Src/stm32h7xx_hal_rcc.o
 .debug_line    0x0000715c     0x3f35 ./Drivers/STM32H7xx_HAL_Driver/Src/stm32h7xx_hal_tim.o
 .debug_line    0x0000b091     0x1ca7 ./Drivers/STM32H7xx_HAL_Driver/Src/stm32h7xx_hal_tim_ex.o

.debug_str      0x00000000   0x15d2dd
 .debug_str     0x00000000   0x15d2dd ./Core/Src/main.o
                             0x15a3e8 (size before relaxing)
 .debug_str     0x0015d2dd        0x0 ./Core/Src/stm32h7xx_hal_msp.o
                             0x159e60 (size before relaxing)
 .debug_str     0x0015d2dd        0x0 ./Core/Src/stm32h7xx_it.o
                             0x1595a0 (size before relaxing)
 .debug_str     0x0015d2dd        0x0 ./Core/Src/system_stm32h7xx.o
                             0x159ab3 (size before relaxing)
 .debug_str     0x0015d2dd        0x0 ./Core/Startup/startup_stm32h753zitx.o
                                 0x67 (size before relaxing)
 .debug_str     0x0015d2dd        0x0 ./Drivers/STM32H7xx_HAL_Driver/Src/stm32h7xx_hal.o
                             0x15a999 (size before relaxing)
 .debug_str     0x0015d2dd        0x0 ./Drivers/STM32H7xx_HAL_Driver/Src/stm32h7xx_hal_cortex.o
                             0x15a3d4 (size before relaxing)
 .debug_str     0x0015d2dd        0x0 ./Drivers/STM32H7xx_HAL_Driver/Src/stm32h7xx_hal_gpio.o
                             0x159a2b (size before relaxing)
 .debug_str     0x0015d2dd        0x0 ./Drivers/STM32H7xx_HAL_Driver/Src/stm32h7xx_hal_pwr_ex.o
                             0x159eec (size before relaxing)
 .debug_str     0x0015d2dd        0x0 ./Drivers/STM32H7xx_HAL_Driver/Src/stm32h7xx_hal_rcc.o
                             0x159e0f (size before relaxing)
 .debug_str     0x0015d2dd        0x0 ./Drivers/STM32H7xx_HAL_Driver/Src/stm32h7xx_hal_tim.o
                             0x15abae (size before relaxing)
 .debug_str     0x0015d2dd        0x0 ./Drivers/STM32H7xx_HAL_Driver/Src/stm32h7xx_hal_tim_ex.o
                             0x15a4d6 (size before relaxing)

.comment        0x00000000       0x43
 .comment       0x00000000       0x43 ./Core/Src/main.o
                                 0x44 (size before relaxing)
 .comment       0x00000043        0x0 ./Core/Src/stm32h7xx_hal_msp.o
                                 0x44 (size before relaxing)
 .comment       0x00000043        0x0 ./Core/Src/stm32h7xx_it.o
                                 0x44 (size before relaxing)
 .comment       0x00000043        0x0 ./Core/Src/system_stm32h7xx.o
                                 0x44 (size before relaxing)
 .comment       0x00000043        0x0 ./Drivers/STM32H7xx_HAL_Driver/Src/stm32h7xx_hal.o
                                 0x44 (size before relaxing)
 .comment       0x00000043        0x0 ./Drivers/STM32H7xx_HAL_Driver/Src/stm32h7xx_hal_cortex.o
                                 0x44 (size before relaxing)
 .comment       0x00000043        0x0 ./Drivers/STM32H7xx_HAL_Driver/Src/stm32h7xx_hal_gpio.o
                                 0x44 (size before relaxing)
 .comment       0x00000043        0x0 ./Drivers/STM32H7xx_HAL_Driver/Src/stm32h7xx_hal_pwr_ex.o
                                 0x44 (size before relaxing)
 .comment       0x00000043        0x0 ./Drivers/STM32H7xx_HAL_Driver/Src/stm32h7xx_hal_rcc.o
                                 0x44 (size before relaxing)
 .comment       0x00000043        0x0 ./Drivers/STM32H7xx_HAL_Driver/Src/stm32h7xx_hal_tim.o
                                 0x44 (size before relaxing)
 .comment       0x00000043        0x0 ./Drivers/STM32H7xx_HAL_Driver/Src/stm32h7xx_hal_tim_ex.o
                                 0x44 (size before relaxing)

.debug_frame    0x00000000     0x309c
 .debug_frame   0x00000000       0xd8 ./Core/Src/main.o
 .debug_frame   0x000000d8       0xac ./Core/Src/stm32h7xx_hal_msp.o
 .debug_frame   0x00000184      0x104 ./Core/Src/stm32h7xx_it.o
 .debug_frame   0x00000288       0x78 ./Core/Src/system_stm32h7xx.o
 .debug_frame   0x00000300      0x690 ./Drivers/STM32H7xx_HAL_Driver/Src/stm32h7xx_hal.o
 .debug_frame   0x00000990      0x508 ./Drivers/STM32H7xx_HAL_Driver/Src/stm32h7xx_hal_cortex.o
 .debug_frame   0x00000e98      0x14c ./Drivers/STM32H7xx_HAL_Driver/Src/stm32h7xx_hal_gpio.o
 .debug_frame   0x00000fe4      0x580 ./Drivers/STM32H7xx_HAL_Driver/Src/stm32h7xx_hal_pwr_ex.o
 .debug_frame   0x00001564      0x1f8 ./Drivers/STM32H7xx_HAL_Driver/Src/stm32h7xx_hal_rcc.o
 .debug_frame   0x0000175c     0x121c ./Drivers/STM32H7xx_HAL_Driver/Src/stm32h7xx_hal_tim.o
 .debug_frame   0x00002978      0x6d8 ./Drivers/STM32H7xx_HAL_Driver/Src/stm32h7xx_hal_tim_ex.o
 .debug_frame   0x00003050       0x20 /home/thchzh/st/stm32cubeide_2.0.0/plugins/com.st.stm32cube.ide.mcu.externaltools.gnu-tools-for-stm32.13.3.rel1.linux64_1.0.100.202509120712/tools/bin/../lib/gcc/arm-none-eabi/13.3.1/../../../../arm-none-eabi/lib/thumb/v7e-m+dp/hard/libc_nano.a(libc_a-memset.o)
 .debug_frame   0x00003070       0x2c /home/thchzh/st/stm32cubeide_2.0.0/plugins/com.st.stm32cube.ide.mcu.externaltools.gnu-tools-for-stm32.13.3.rel1.linux64_1.0.100.202509120712/tools/bin/../lib/gcc/arm-none-eabi/13.3.1/../../../../arm-none-eabi/lib/thumb/v7e-m+dp/hard/libc_nano.a(libc_a-init.o)

.debug_line_str
                0x00000000       0x4b
 .debug_line_str
                0x00000000       0x4b ./Core/Startup/startup_stm32h753zitx.o
